Archive member included to satisfy reference by file (symbol)

c:/rppicosdk/armcc/10 2021.10/bin/../lib/gcc/arm-none-eabi/10.3.1/thumb/v6-m/nofp\libgcc.a(_dvmd_tls.o)
                              CMakeFiles/main.dir/C_/RPPicoSDK/sdk/pico-sdk/src/rp2_common/pico_divider/divider.S.obj (__aeabi_idiv0)
c:/rppicosdk/armcc/10 2021.10/bin/../lib/gcc/arm-none-eabi/10.3.1/../../../../arm-none-eabi/lib/thumb/v6-m/nofp\libc.a(lib_a-calloc.o)
                              CMakeFiles/main.dir/C_/RPPicoSDK/sdk/pico-sdk/src/rp2_common/pico_malloc/pico_malloc.c.obj (calloc)
c:/rppicosdk/armcc/10 2021.10/bin/../lib/gcc/arm-none-eabi/10.3.1/../../../../arm-none-eabi/lib/thumb/v6-m/nofp\libc.a(lib_a-callocr.o)
                              c:/rppicosdk/armcc/10 2021.10/bin/../lib/gcc/arm-none-eabi/10.3.1/../../../../arm-none-eabi/lib/thumb/v6-m/nofp\libc.a(lib_a-calloc.o) (_calloc_r)
c:/rppicosdk/armcc/10 2021.10/bin/../lib/gcc/arm-none-eabi/10.3.1/../../../../arm-none-eabi/lib/thumb/v6-m/nofp\libc.a(lib_a-errno.o)
                              c:/rppicosdk/armcc/10 2021.10/bin/../lib/gcc/arm-none-eabi/10.3.1/../../../../arm-none-eabi/lib/thumb/v6-m/nofp\libc.a(lib_a-callocr.o) (__errno)
c:/rppicosdk/armcc/10 2021.10/bin/../lib/gcc/arm-none-eabi/10.3.1/../../../../arm-none-eabi/lib/thumb/v6-m/nofp\libc.a(lib_a-impure.o)
                              c:/rppicosdk/armcc/10 2021.10/bin/../lib/gcc/arm-none-eabi/10.3.1/../../../../arm-none-eabi/lib/thumb/v6-m/nofp\libc.a(lib_a-calloc.o) (_impure_ptr)
c:/rppicosdk/armcc/10 2021.10/bin/../lib/gcc/arm-none-eabi/10.3.1/../../../../arm-none-eabi/lib/thumb/v6-m/nofp\libc.a(lib_a-init.o)
                              c:/rppicosdk/armcc/10 2021.10/bin/../lib/gcc/arm-none-eabi/10.3.1/../../../../arm-none-eabi/lib/thumb/v6-m/nofp/crt0.o (__libc_init_array)
c:/rppicosdk/armcc/10 2021.10/bin/../lib/gcc/arm-none-eabi/10.3.1/../../../../arm-none-eabi/lib/thumb/v6-m/nofp\libc.a(lib_a-malloc.o)
                              CMakeFiles/main.dir/C_/RPPicoSDK/sdk/pico-sdk/src/rp2_common/pico_malloc/pico_malloc.c.obj (malloc)
c:/rppicosdk/armcc/10 2021.10/bin/../lib/gcc/arm-none-eabi/10.3.1/../../../../arm-none-eabi/lib/thumb/v6-m/nofp\libc.a(lib_a-mallocr.o)
                              c:/rppicosdk/armcc/10 2021.10/bin/../lib/gcc/arm-none-eabi/10.3.1/../../../../arm-none-eabi/lib/thumb/v6-m/nofp\libc.a(lib_a-callocr.o) (_malloc_r)
c:/rppicosdk/armcc/10 2021.10/bin/../lib/gcc/arm-none-eabi/10.3.1/../../../../arm-none-eabi/lib/thumb/v6-m/nofp\libc.a(lib_a-mlock.o)
                              c:/rppicosdk/armcc/10 2021.10/bin/../lib/gcc/arm-none-eabi/10.3.1/../../../../arm-none-eabi/lib/thumb/v6-m/nofp\libc.a(lib_a-mallocr.o) (__malloc_lock)
c:/rppicosdk/armcc/10 2021.10/bin/../lib/gcc/arm-none-eabi/10.3.1/../../../../arm-none-eabi/lib/thumb/v6-m/nofp\libc.a(lib_a-sbrkr.o)
                              c:/rppicosdk/armcc/10 2021.10/bin/../lib/gcc/arm-none-eabi/10.3.1/../../../../arm-none-eabi/lib/thumb/v6-m/nofp\libc.a(lib_a-mallocr.o) (_sbrk_r)
c:/rppicosdk/armcc/10 2021.10/bin/../lib/gcc/arm-none-eabi/10.3.1/../../../../arm-none-eabi/lib/thumb/v6-m/nofp\libc.a(lib_a-strlen-stub.o)
                              CMakeFiles/main.dir/C_/RPPicoSDK/sdk/pico-sdk/src/rp2_common/pico_stdio/stdio.c.obj (strlen)
c:/rppicosdk/armcc/10 2021.10/bin/../lib/gcc/arm-none-eabi/10.3.1/../../../../arm-none-eabi/lib/thumb/v6-m/nofp\libc.a(lib_a-freer.o)
                              c:/rppicosdk/armcc/10 2021.10/bin/../lib/gcc/arm-none-eabi/10.3.1/../../../../arm-none-eabi/lib/thumb/v6-m/nofp\libc.a(lib_a-malloc.o) (_free_r)
c:/rppicosdk/armcc/10 2021.10/bin/../lib/gcc/arm-none-eabi/10.3.1/../../../../arm-none-eabi/lib/thumb/v6-m/nofp\libc.a(lib_a-lock.o)
                              c:/rppicosdk/armcc/10 2021.10/bin/../lib/gcc/arm-none-eabi/10.3.1/../../../../arm-none-eabi/lib/thumb/v6-m/nofp\libc.a(lib_a-mlock.o) (__retarget_lock_acquire_recursive)
c:/rppicosdk/armcc/10 2021.10/bin/../lib/gcc/arm-none-eabi/10.3.1/../../../../arm-none-eabi/lib/thumb/v6-m/nofp\libc.a(lib_a-reent.o)
                              c:/rppicosdk/armcc/10 2021.10/bin/../lib/gcc/arm-none-eabi/10.3.1/../../../../arm-none-eabi/lib/thumb/v6-m/nofp\libc.a(lib_a-sbrkr.o) (errno)

Discarded input sections

 .text          0x00000000        0x0 c:/rppicosdk/armcc/10 2021.10/bin/../lib/gcc/arm-none-eabi/10.3.1/thumb/v6-m/nofp/crti.o
 .data          0x00000000        0x0 c:/rppicosdk/armcc/10 2021.10/bin/../lib/gcc/arm-none-eabi/10.3.1/thumb/v6-m/nofp/crti.o
 .bss           0x00000000        0x0 c:/rppicosdk/armcc/10 2021.10/bin/../lib/gcc/arm-none-eabi/10.3.1/thumb/v6-m/nofp/crti.o
 .data          0x00000000        0x4 c:/rppicosdk/armcc/10 2021.10/bin/../lib/gcc/arm-none-eabi/10.3.1/thumb/v6-m/nofp/crtbegin.o
 .rodata        0x00000000       0x24 c:/rppicosdk/armcc/10 2021.10/bin/../lib/gcc/arm-none-eabi/10.3.1/thumb/v6-m/nofp/crtbegin.o
[...]
Memory Configuration

Name             Origin             Length             Attributes
FLASH            0x10000000         0x00200000         xr
RAM              0x20000000         0x00040000         xrw
SCRATCH_X        0x20040000         0x00001000         xrw
SCRATCH_Y        0x20041000         0x00001000         xrw
*default*        0x00000000         0xffffffff

Linker script and memory map

LOAD c:/rppicosdk/armcc/10 2021.10/bin/../lib/gcc/arm-none-eabi/10.3.1/thumb/v6-m/nofp/crti.o
LOAD c:/rppicosdk/armcc/10 2021.10/bin/../lib/gcc/arm-none-eabi/10.3.1/thumb/v6-m/nofp/crtbegin.o
LOAD c:/rppicosdk/armcc/10 2021.10/bin/../lib/gcc/arm-none-eabi/10.3.1/../../../../arm-none-eabi/lib/thumb/v6-m/nofp/crt0.o

.flash_begin    0x10000000        0x0
                0x10000000                __flash_binary_start = .

.boot2          0x10000000      0x100
                0x10000000                __boot2_start__ = .
 *(.boot2)
 .boot2         0x10000000      0x100 C:\Users\ADMINI~1\AppData\Local\Temp\ccoeTLNQ.o
                0x10000100                __boot2_end__ = .
                0x00000001                ASSERT (((__boot2_end__ - __boot2_start__) == 0x100), ERROR: Pico second stage bootloader must be 256 bytes in size)

.text           0x10000100     0x9510
                0x10000100                __logical_binary_start = .
 *(.vectors)
 .vectors       0x10000100       0xd4 CMakeFiles/main.dir/C_/RPPicoSDK/sdk/pico-sdk/src/rp2_common/pico_standard_link/crt0.S.obj
                0x10000100                __VECTOR_TABLE
                0x10000100                __vectors
                0x100001c0                isr_invalid
                0x100001c0                __default_isrs_start
                0x100001c2                isr_nmi
                0x100001c4                isr_hardfault
                0x100001c6                isr_svcall
                0x100001c8                isr_pendsv
                0x100001ca                isr_systick
                0x100001cc                isr_irq23
                0x100001cc                isr_irq18
                0x100001cc                isr_irq11
                0x100001cc                isr_irq28
                0x100001cc                isr_irq19
                0x100001cc                isr_irq0
                0x100001cc                isr_irq6
                0x100001cc                isr_irq5
                0x100001cc                isr_irq12
                0x100001cc                isr_irq22
                0x100001cc                isr_irq31
                0x100001cc                isr_irq17
                0x100001cc                isr_irq27
                0x100001cc                isr_irq30
                0x100001cc                isr_irq2
                0x100001cc                isr_irq10
                0x100001cc                isr_irq8
                0x100001cc                isr_irq24
                0x100001cc                isr_irq1
                0x100001cc                isr_irq7
                0x100001cc                isr_irq21
                0x100001cc                isr_irq20
                0x100001cc                isr_irq15
                0x100001cc                isr_irq25
                0x100001cc                isr_irq13
                0x100001cc                __unhandled_user_irq
                0x100001cc                isr_irq4
                0x100001cc                isr_irq16
                0x100001cc                isr_irq29
                0x100001cc                isr_irq26
                0x100001cc                __default_isrs_end
                0x100001cc                isr_irq3
                0x100001cc                isr_irq14
                0x100001cc                isr_irq9
                0x100001d2                unhandled_user_irq_num_in_r0
 *(.binary_info_header)
 .binary_info_header
                0x100001d4       0x14 CMakeFiles/main.dir/C_/RPPicoSDK/sdk/pico-sdk/src/rp2_common/pico_standard_link/crt0.S.obj
                0x100001e8                __binary_info_header_end = .
 *(.reset)
 .reset         0x100001e8       0xa8 CMakeFiles/main.dir/C_/RPPicoSDK/sdk/pico-sdk/src/rp2_common/pico_standard_link/crt0.S.obj
                0x100001e8                _entry_point
                0x10000266                __get_current_exception
 .reset         0x10000290       0x30 CMakeFiles/main.dir/C_/RPPicoSDK/sdk/pico-sdk/src/rp2_common/pico_standard_link/binary_info.c.obj
 *(.init)
 .init          0x100002c0        0x4 c:/rppicosdk/armcc/10 2021.10/bin/../lib/gcc/arm-none-eabi/10.3.1/thumb/v6-m/nofp/crti.o
                0x100002c0                _init
 *(EXCLUDE_FILE(*libm.a: *libc.a:*lib_a-mem*.o *libgcc.a:) .text*)
 .text          0x100002c4       0x48 c:/rppicosdk/armcc/10 2021.10/bin/../lib/gcc/arm-none-eabi/10.3.1/thumb/v6-m/nofp/crtbegin.o
 .text.putMensaje
                0x1000030c      0x15c CMakeFiles/main.dir/main.c.obj
                0x1000030c                putMensaje
 .text.newFecha
                0x10000468       0x7c CMakeFiles/main.dir/main.c.obj
                0x10000468                newFecha
 .text.new_alarm_date
                0x100004e4       0x9c CMakeFiles/main.dir/main.c.obj
                0x100004e4                new_alarm_date
 .text.captureData
                0x10000580      0x60c CMakeFiles/main.dir/main.c.obj
                0x10000580                captureData
 .text.startup.main
                0x10000b8c      0x3c0 CMakeFiles/main.dir/main.c.obj
                0x10000b8c                main
 .text.eventTimer
                0x10000f4c       0xbc CMakeFiles/main.dir/events.c.obj
                0x10000f4c                eventTimer
 .text.eventGpio
                0x10001008       0x2c CMakeFiles/main.dir/events.c.obj
                0x10001008                eventGpio
 .text.eventRtc
                0x10001034       0x30 CMakeFiles/main.dir/events.c.obj
                0x10001034                eventRtc
 .text.timerCallback
                0x10001064       0x14 CMakeFiles/main.dir/timer.c.obj
                0x10001064                timerCallback
 .text.timerInitialization
                0x10001078       0x3c CMakeFiles/main.dir/timer.c.obj
                0x10001078                timerInitialization
 .text.gpio_callback
                0x100010b4       0x10 CMakeFiles/main.dir/gpio.c.obj
                0x100010b4                gpio_callback
 .text.gpio_init_inputs
                0x100010c4       0x30 CMakeFiles/main.dir/gpio.c.obj
                0x100010c4                gpio_init_inputs
 .text.gpio_init_outputs
                0x100010f4       0x3c CMakeFiles/main.dir/gpio.c.obj
                0x100010f4                gpio_init_outputs
 .text.keyboard_init
                0x10001130       0x18 CMakeFiles/main.dir/keyboard.c.obj
                0x10001130                keyboard_init
 .text.capture_key
                0x10001148      0x184 CMakeFiles/main.dir/keyboard.c.obj
                0x10001148                capture_key
 .text.alarm_callback
                0x100012cc       0x10 CMakeFiles/main.dir/rtc.c.obj
                0x100012cc                alarm_callback
 .text.rtc_alarm_init
                0x100012dc       0x10 CMakeFiles/main.dir/rtc.c.obj
                0x100012dc                rtc_alarm_init
 .text.lcd_set_dd_ram_address
                0x100012ec      0x29c CMakeFiles/main.dir/lcd.c.obj
                0x100012ec                lcd_set_dd_ram_address
 .text.WriteCommandToLCD
                0x10001588      0x29c CMakeFiles/main.dir/lcd.c.obj
                0x10001588                WriteCommandToLCD
 .text.lcd_init
                0x10001824      0x4cc CMakeFiles/main.dir/lcd.c.obj
                0x10001824                lcd_init
 .text.WriteDataToLCD
                0x10001cf0      0x294 CMakeFiles/main.dir/lcd.c.obj
                0x10001cf0                WriteDataToLCD
 .text.lcd_shift
                0x10001f84       0x60 CMakeFiles/main.dir/lcd.c.obj
                0x10001f84                lcd_shift
 .text.WriteManyCharactersPosition
                0x10001fe4      0x2e0 CMakeFiles/main.dir/lcd.c.obj
                0x10001fe4                WriteManyCharactersPosition
 .text.WriteManyCharacters
                0x100022c4      0x2d0 CMakeFiles/main.dir/lcd.c.obj
                0x100022c4                WriteManyCharacters
 .text.gpio_irq_handler
                0x10002594       0x7c CMakeFiles/main.dir/C_/RPPicoSDK/sdk/pico-sdk/src/rp2_common/hardware_gpio/gpio.c.obj
 .text.gpio_set_pulls
                0x10002610       0x30 CMakeFiles/main.dir/C_/RPPicoSDK/sdk/pico-sdk/src/rp2_common/hardware_gpio/gpio.c.obj
                0x10002610                gpio_set_pulls
 .text.gpio_set_irq_enabled
                0x10002640       0x54 CMakeFiles/main.dir/C_/RPPicoSDK/sdk/pico-sdk/src/rp2_common/hardware_gpio/gpio.c.obj
                0x10002640                gpio_set_irq_enabled
 .text.gpio_set_irq_enabled_with_callback
                0x10002694       0x78 CMakeFiles/main.dir/C_/RPPicoSDK/sdk/pico-sdk/src/rp2_common/hardware_gpio/gpio.c.obj
                0x10002694                gpio_set_irq_enabled_with_callback
 .text.gpio_init
                0x1000270c       0x3c CMakeFiles/main.dir/C_/RPPicoSDK/sdk/pico-sdk/src/rp2_common/hardware_gpio/gpio.c.obj
                0x1000270c                gpio_init
 .text.hw_claim_or_assert
                0x10002748       0x44 CMakeFiles/main.dir/C_/RPPicoSDK/sdk/pico-sdk/src/rp2_common/hardware_claim/claim.c.obj
                0x10002748                hw_claim_or_assert
 .text.hw_claim_unused_from_range
                0x1000278c       0x9c CMakeFiles/main.dir/C_/RPPicoSDK/sdk/pico-sdk/src/rp2_common/hardware_claim/claim.c.obj
                0x1000278c                hw_claim_unused_from_range
 .text.running_on_fpga
                0x10002828       0x10 CMakeFiles/main.dir/C_/RPPicoSDK/sdk/pico-sdk/src/rp2_common/pico_platform/platform.c.obj
                0x10002828                running_on_fpga
 .text.spin_locks_reset
                0x10002838       0x1c CMakeFiles/main.dir/C_/RPPicoSDK/sdk/pico-sdk/src/rp2_common/hardware_sync/sync.c.obj
                0x10002838                spin_locks_reset
 .text.next_striped_spin_lock_num
                0x10002854       0x18 CMakeFiles/main.dir/C_/RPPicoSDK/sdk/pico-sdk/src/rp2_common/hardware_sync/sync.c.obj
                0x10002854                next_striped_spin_lock_num
 .text.spin_lock_claim_unused
                0x1000286c       0x20 CMakeFiles/main.dir/C_/RPPicoSDK/sdk/pico-sdk/src/rp2_common/hardware_sync/sync.c.obj
                0x1000286c                spin_lock_claim_unused
 .text.timer_pool_entry_comparator
                0x1000288c       0x34 CMakeFiles/main.dir/C_/RPPicoSDK/sdk/pico-sdk/src/common/pico_time/time.c.obj
                0x1000288c                timer_pool_entry_comparator
 .text.repeating_timer_callback
                0x100028c0       0x1c CMakeFiles/main.dir/C_/RPPicoSDK/sdk/pico-sdk/src/common/pico_time/time.c.obj
 .text.sleep_until_callback
                0x100028dc       0x30 CMakeFiles/main.dir/C_/RPPicoSDK/sdk/pico-sdk/src/common/pico_time/time.c.obj
 .text.add_alarm_under_lock.isra.0
                0x1000290c      0x100 CMakeFiles/main.dir/C_/RPPicoSDK/sdk/pico-sdk/src/common/pico_time/time.c.obj
 .text.alarm_pool_alarm_callback
                0x10002a0c      0x1c8 CMakeFiles/main.dir/C_/RPPicoSDK/sdk/pico-sdk/src/common/pico_time/time.c.obj
 .text.alarm_pool_add_alarm_at.constprop.0
                0x10002bd4      0x11c CMakeFiles/main.dir/C_/RPPicoSDK/sdk/pico-sdk/src/common/pico_time/time.c.obj
 .text.alarm_pool_init_default
                0x10002cf0       0x64 CMakeFiles/main.dir/C_/RPPicoSDK/sdk/pico-sdk/src/common/pico_time/time.c.obj
                0x10002cf0                alarm_pool_init_default
 .text.alarm_pool_get_default
                0x10002d54        0x8 CMakeFiles/main.dir/C_/RPPicoSDK/sdk/pico-sdk/src/common/pico_time/time.c.obj
                0x10002d54                alarm_pool_get_default
 .text.alarm_pool_add_alarm_at
                0x10002d5c      0x194 CMakeFiles/main.dir/C_/RPPicoSDK/sdk/pico-sdk/src/common/pico_time/time.c.obj
                0x10002d5c                alarm_pool_add_alarm_at
 .text.alarm_pool_add_repeating_timer_us
                0x10002ef0      0x22c CMakeFiles/main.dir/C_/RPPicoSDK/sdk/pico-sdk/src/common/pico_time/time.c.obj
                0x10002ef0                alarm_pool_add_repeating_timer_us
 .text.sleep_until
                0x1000311c       0xac CMakeFiles/main.dir/C_/RPPicoSDK/sdk/pico-sdk/src/common/pico_time/time.c.obj
                0x1000311c                sleep_until
 .text.sleep_us
                0x100031c8       0x30 CMakeFiles/main.dir/C_/RPPicoSDK/sdk/pico-sdk/src/common/pico_time/time.c.obj
                0x100031c8                sleep_us
 .text.sleep_ms
                0x100031f8       0x38 CMakeFiles/main.dir/C_/RPPicoSDK/sdk/pico-sdk/src/common/pico_time/time.c.obj
                0x100031f8                sleep_ms
 .text.best_effort_wfe_or_timeout
                0x10003230       0xd4 CMakeFiles/main.dir/C_/RPPicoSDK/sdk/pico-sdk/src/common/pico_time/time.c.obj
                0x10003230                best_effort_wfe_or_timeout
 .text.hardware_alarm_irq_handler
                0x10003304       0xb8 CMakeFiles/main.dir/C_/RPPicoSDK/sdk/pico-sdk/src/rp2_common/hardware_timer/timer.c.obj
 .text.hardware_alarm_claim
                0x100033bc       0x18 CMakeFiles/main.dir/C_/RPPicoSDK/sdk/pico-sdk/src/rp2_common/hardware_timer/timer.c.obj
                0x100033bc                hardware_alarm_claim
 .text.time_us_64
                0x100033d4       0x14 CMakeFiles/main.dir/C_/RPPicoSDK/sdk/pico-sdk/src/rp2_common/hardware_timer/timer.c.obj
                0x100033d4                time_us_64
 .text.busy_wait_until
                0x100033e8       0x20 CMakeFiles/main.dir/C_/RPPicoSDK/sdk/pico-sdk/src/rp2_common/hardware_timer/timer.c.obj
                0x100033e8                busy_wait_until
 .text.hardware_alarm_set_callback
                0x10003408       0x8c CMakeFiles/main.dir/C_/RPPicoSDK/sdk/pico-sdk/src/rp2_common/hardware_timer/timer.c.obj
                0x10003408                hardware_alarm_set_callback
 .text.hardware_alarm_set_target
                0x10003494       0xe0 CMakeFiles/main.dir/C_/RPPicoSDK/sdk/pico-sdk/src/rp2_common/hardware_timer/timer.c.obj
                0x10003494                hardware_alarm_set_target
 .text.hardware_alarm_cancel
                0x10003574       0x3c CMakeFiles/main.dir/C_/RPPicoSDK/sdk/pico-sdk/src/rp2_common/hardware_timer/timer.c.obj
                0x10003574                hardware_alarm_cancel
 .text.lock_init
                0x100035b0       0x10 CMakeFiles/main.dir/C_/RPPicoSDK/sdk/pico-sdk/src/common/pico_sync/lock_core.c.obj
                0x100035b0                lock_init
 .text.mutex_init
                0x100035c0       0x1c CMakeFiles/main.dir/C_/RPPicoSDK/sdk/pico-sdk/src/common/pico_sync/mutex.c.obj
                0x100035c0                mutex_init
 .text.recursive_mutex_init
                0x100035dc       0x1c CMakeFiles/main.dir/C_/RPPicoSDK/sdk/pico-sdk/src/common/pico_sync/mutex.c.obj
                0x100035dc                recursive_mutex_init
 .text.critical_section_init
                0x100035f8       0x20 CMakeFiles/main.dir/C_/RPPicoSDK/sdk/pico-sdk/src/common/pico_sync/critical_section.c.obj
                0x100035f8                critical_section_init
 .text.ph_merge_nodes
                0x10003618       0x68 CMakeFiles/main.dir/C_/RPPicoSDK/sdk/pico-sdk/src/common/pico_util/pheap.c.obj
 .text.ph_post_alloc_init
                0x10003680       0x3c CMakeFiles/main.dir/C_/RPPicoSDK/sdk/pico-sdk/src/common/pico_util/pheap.c.obj
                0x10003680                ph_post_alloc_init
 .text.ph_merge_two_pass
                0x100036bc       0x90 CMakeFiles/main.dir/C_/RPPicoSDK/sdk/pico-sdk/src/common/pico_util/pheap.c.obj
                0x100036bc                ph_merge_two_pass
 .text.ph_remove_any_head
                0x1000374c       0xf8 CMakeFiles/main.dir/C_/RPPicoSDK/sdk/pico-sdk/src/common/pico_util/pheap.c.obj
 .text.ph_remove_head
                0x10003844       0xfc CMakeFiles/main.dir/C_/RPPicoSDK/sdk/pico-sdk/src/common/pico_util/pheap.c.obj
                0x10003844                ph_remove_head
 .text.ph_remove_and_free_node
                0x10003940       0x7c CMakeFiles/main.dir/C_/RPPicoSDK/sdk/pico-sdk/src/common/pico_util/pheap.c.obj
                0x10003940                ph_remove_and_free_node
 .text.runtime_init
                0x100039bc       0xf0 CMakeFiles/main.dir/C_/RPPicoSDK/sdk/pico-sdk/src/rp2_common/pico_runtime/runtime.c.obj
                0x100039bc                runtime_init
 .text.exit     0x10003aac        0x4 CMakeFiles/main.dir/C_/RPPicoSDK/sdk/pico-sdk/src/rp2_common/pico_runtime/runtime.c.obj
                0x10003aac                exit
 .text.panic    0x10003ab0       0x30 CMakeFiles/main.dir/C_/RPPicoSDK/sdk/pico-sdk/src/rp2_common/pico_runtime/runtime.c.obj
                0x10003ab0                panic
 .text.hard_assertion_failure
                0x10003ae0        0xc CMakeFiles/main.dir/C_/RPPicoSDK/sdk/pico-sdk/src/rp2_common/pico_runtime/runtime.c.obj
                0x10003ae0                hard_assertion_failure
 .text.clocks_init
                0x10003aec      0x2bc CMakeFiles/main.dir/C_/RPPicoSDK/sdk/pico-sdk/src/rp2_common/hardware_clocks/clocks.c.obj
                0x10003aec                clocks_init
 .text.clock_get_hz
                0x10003da8        0xc CMakeFiles/main.dir/C_/RPPicoSDK/sdk/pico-sdk/src/rp2_common/hardware_clocks/clocks.c.obj
                0x10003da8                clock_get_hz
 .text.irq_set_enabled
                0x10003db4       0x24 CMakeFiles/main.dir/C_/RPPicoSDK/sdk/pico-sdk/src/rp2_common/hardware_irq/irq.c.obj
                0x10003db4                irq_set_enabled
 .text.irq_set_pending
                0x10003dd8       0x10 CMakeFiles/main.dir/C_/RPPicoSDK/sdk/pico-sdk/src/rp2_common/hardware_irq/irq.c.obj
                0x10003dd8                irq_set_pending
 .text.irq_get_vtable_handler
                0x10003de8       0x10 CMakeFiles/main.dir/C_/RPPicoSDK/sdk/pico-sdk/src/rp2_common/hardware_irq/irq.c.obj
                0x10003de8                irq_get_vtable_handler
 .text.irq_set_exclusive_handler
                0x10003df8       0x54 CMakeFiles/main.dir/C_/RPPicoSDK/sdk/pico-sdk/src/rp2_common/hardware_irq/irq.c.obj
                0x10003df8                irq_set_exclusive_handler
 .text.irq_remove_handler
                0x10003e4c      0x1b4 CMakeFiles/main.dir/C_/RPPicoSDK/sdk/pico-sdk/src/rp2_common/hardware_irq/irq.c.obj
                0x10003e4c                irq_remove_handler
 .text.irq_add_tail_to_free_list
                0x10004000       0xb4 CMakeFiles/main.dir/C_/RPPicoSDK/sdk/pico-sdk/src/rp2_common/hardware_irq/irq.c.obj
                0x10004000                irq_add_tail_to_free_list
 .text.irq_init_priorities
                0x100040b4       0x24 CMakeFiles/main.dir/C_/RPPicoSDK/sdk/pico-sdk/src/rp2_common/hardware_irq/irq.c.obj
                0x100040b4                irq_init_priorities
 .text.pll_init
                0x100040d8       0xa8 CMakeFiles/main.dir/C_/RPPicoSDK/sdk/pico-sdk/src/rp2_common/hardware_pll/pll.c.obj
                0x100040d8                pll_init
 .text.watchdog_start_tick
                0x10004180       0x10 CMakeFiles/main.dir/C_/RPPicoSDK/sdk/pico-sdk/src/rp2_common/hardware_watchdog/watchdog.c.obj
                0x10004180                watchdog_start_tick
 .text.watchdog_reboot
                0x10004190       0x98 CMakeFiles/main.dir/C_/RPPicoSDK/sdk/pico-sdk/src/rp2_common/hardware_watchdog/watchdog.c.obj
                0x10004190                watchdog_reboot
 .text.xosc_init
                0x10004228       0x28 CMakeFiles/main.dir/C_/RPPicoSDK/sdk/pico-sdk/src/rp2_common/hardware_xosc/xosc.c.obj
                0x10004228                xosc_init
 .text._out_buffer
                0x10004250        0x8 CMakeFiles/main.dir/C_/RPPicoSDK/sdk/pico-sdk/src/rp2_common/pico_printf/printf.c.obj
 .text._out_null
                0x10004258        0x4 CMakeFiles/main.dir/C_/RPPicoSDK/sdk/pico-sdk/src/rp2_common/pico_printf/printf.c.obj
 .text._out_rev
                0x1000425c       0x9c CMakeFiles/main.dir/C_/RPPicoSDK/sdk/pico-sdk/src/rp2_common/pico_printf/printf.c.obj
 .text._ntoa_format
                0x100042f8      0x1cc CMakeFiles/main.dir/C_/RPPicoSDK/sdk/pico-sdk/src/rp2_common/pico_printf/printf.c.obj
 .text._out_char
                0x100044c4       0x10 CMakeFiles/main.dir/C_/RPPicoSDK/sdk/pico-sdk/src/rp2_common/pico_printf/printf.c.obj
 .text._etoa    0x100044d4      0x44c CMakeFiles/main.dir/C_/RPPicoSDK/sdk/pico-sdk/src/rp2_common/pico_printf/printf.c.obj
 .text._ftoa    0x10004920      0x398 CMakeFiles/main.dir/C_/RPPicoSDK/sdk/pico-sdk/src/rp2_common/pico_printf/printf.c.obj
 .text._vsnprintf
                0x10004cb8      0xb04 CMakeFiles/main.dir/C_/RPPicoSDK/sdk/pico-sdk/src/rp2_common/pico_printf/printf.c.obj
 .text.__wrap_sprintf
                0x100057bc       0x28 CMakeFiles/main.dir/C_/RPPicoSDK/sdk/pico-sdk/src/rp2_common/pico_printf/printf.c.obj
                0x100057bc                __wrap_sprintf
 .text.weak_raw_vprintf
                0x100057e4       0x30 CMakeFiles/main.dir/C_/RPPicoSDK/sdk/pico-sdk/src/rp2_common/pico_printf/printf.c.obj
                0x100057e4                weak_raw_vprintf
 .text          0x10005814       0x10 CMakeFiles/main.dir/C_/RPPicoSDK/sdk/pico-sdk/src/rp2_common/pico_bit_ops/bit_ops_aeabi.S.obj
 .text.rom_func_lookup
                0x10005824       0x10 CMakeFiles/main.dir/C_/RPPicoSDK/sdk/pico-sdk/src/rp2_common/pico_bootrom/bootrom.c.obj
                0x10005824                rom_func_lookup
 .text.rom_data_lookup
                0x10005834       0x10 CMakeFiles/main.dir/C_/RPPicoSDK/sdk/pico-sdk/src/rp2_common/pico_bootrom/bootrom.c.obj
                0x10005834                rom_data_lookup
 .text.rom_funcs_lookup
                0x10005844       0x44 CMakeFiles/main.dir/C_/RPPicoSDK/sdk/pico-sdk/src/rp2_common/pico_bootrom/bootrom.c.obj
                0x10005844                rom_funcs_lookup
 .text.__wrap___aeabi_idiv
                0x10005888       0x50 CMakeFiles/main.dir/C_/RPPicoSDK/sdk/pico-sdk/src/rp2_common/pico_divider/divider.S.obj
                0x10005888                __wrap___aeabi_idivmod
                0x10005888                divmod_s32s32
                0x10005888                div_s32s32
                0x10005888                __wrap___aeabi_idiv
                0x10005890                divmod_s32s32_unsafe
                0x100058bc                divmod_s32s32_savestate
 .text.__wrap___aeabi_uidiv
                0x100058d8       0x4c CMakeFiles/main.dir/C_/RPPicoSDK/sdk/pico-sdk/src/rp2_common/pico_divider/divider.S.obj
                0x100058d8                __wrap___aeabi_uidiv
                0x100058d8                __wrap___aeabi_uidivmod
                0x100058d8                div_u32u32
                0x100058d8                divmod_u32u32
                0x100058e0                divmod_u32u32_unsafe
                0x10005908                divmod_u32u32_savestate
 .text.__wrap___aeabi_ldiv
                0x10005924      0x434 CMakeFiles/main.dir/C_/RPPicoSDK/sdk/pico-sdk/src/rp2_common/pico_divider/divider.S.obj
                0x10005924                div_s64s64
                0x10005924                divmod_s64s64
                0x10005924                __wrap___aeabi_ldivmod
                0x1000595c                divmod_u64u64
                0x1000595c                div_u64u64
                0x1000595c                __wrap___aeabi_uldivmod
                0x1000596c                divmod_u64u64_savestate
                0x10005994                divmod_s64s64_unsafe
                0x10005a1c                divmod_u64u64_unsafe
 .text.__wrap___aeabi_darithmetic
                0x10005d58       0x80 CMakeFiles/main.dir/C_/RPPicoSDK/sdk/pico-sdk/src/rp2_common/pico_double/double_aeabi.S.obj
                0x10005d58                __wrap___aeabi_drsub
                0x10005d5e                __wrap___aeabi_dsub
                0x10005d70                __wrap___aeabi_dadd
                0x10005d82                __wrap___aeabi_ddiv
                0x10005dbe                __wrap___aeabi_dmul
 .text.__wrap___aeabi_cdcmple
                0x10005dd8       0x6c CMakeFiles/main.dir/C_/RPPicoSDK/sdk/pico-sdk/src/rp2_common/pico_double/double_aeabi.S.obj
                0x10005dd8                __wrap___aeabi_cdrcmple
                0x10005de8                __wrap___aeabi_cdcmpeq
                0x10005de8                __wrap___aeabi_cdcmple
 .text.__wrap___aeabi_dcmplt
                0x10005e44        0xc CMakeFiles/main.dir/C_/RPPicoSDK/sdk/pico-sdk/src/rp2_common/pico_double/double_aeabi.S.obj
                0x10005e44                __wrap___aeabi_dcmplt
 .text.__wrap___aeabi_dcmple
                0x10005e50       0x10 CMakeFiles/main.dir/C_/RPPicoSDK/sdk/pico-sdk/src/rp2_common/pico_double/double_aeabi.S.obj
                0x10005e50                __wrap___aeabi_dcmple
 .text.__wrap___aeabi_dcmpge
                0x10005e60       0x10 CMakeFiles/main.dir/C_/RPPicoSDK/sdk/pico-sdk/src/rp2_common/pico_double/double_aeabi.S.obj
                0x10005e60                __wrap___aeabi_dcmpge
 .text.__wrap___aeabi_dcmpgt
                0x10005e70        0xa CMakeFiles/main.dir/C_/RPPicoSDK/sdk/pico-sdk/src/rp2_common/pico_double/double_aeabi.S.obj
                0x10005e70                __wrap___aeabi_dcmpgt
 .text.__wrap___aeabi_dcmpun
                0x10005e7a       0x1c CMakeFiles/main.dir/C_/RPPicoSDK/sdk/pico-sdk/src/rp2_common/pico_double/double_aeabi.S.obj
                0x10005e7a                __wrap___aeabi_dcmpun
 *fill*         0x10005e96        0x2 
 .text.__wrap___aeabi_i2d
                0x10005e98       0x38 CMakeFiles/main.dir/C_/RPPicoSDK/sdk/pico-sdk/src/rp2_common/pico_double/double_aeabi.S.obj
                0x10005e98                __wrap___aeabi_ui2d
                0x10005ea0                __wrap___aeabi_i2d
 .text.__wrap___aeabi_d2iz
                0x10005ed0       0x48 CMakeFiles/main.dir/C_/RPPicoSDK/sdk/pico-sdk/src/rp2_common/pico_double/double_aeabi.S.obj
                0x10005ed0                double2int_z
                0x10005ed0                __wrap___aeabi_d2iz
 .text.__wrap___aeabi_d2uiz
                0x10005f18       0x18 CMakeFiles/main.dir/C_/RPPicoSDK/sdk/pico-sdk/src/rp2_common/pico_double/double_aeabi.S.obj
                0x10005f18                __wrap___aeabi_d2uiz
                0x10005f18                double2uint
 .text.__aeabi_double_init
                0x10005f30       0x94 CMakeFiles/main.dir/C_/RPPicoSDK/sdk/pico-sdk/src/rp2_common/pico_double/double_init_rom.c.obj
                0x10005f30                __aeabi_double_init
 .text.double_table_shim_on_use_helper
                0x10005fc4       0x2c CMakeFiles/main.dir/C_/RPPicoSDK/sdk/pico-sdk/src/rp2_common/pico_double/double_v1_rom_shim.S.obj
                0x10005fc4                double_table_shim_on_use_helper
 .text.__wrap___aeabi_dsub
                0x10005ff0       0x10 CMakeFiles/main.dir/C_/RPPicoSDK/sdk/pico-sdk/src/rp2_common/pico_double/double_v1_rom_shim.S.obj
                0x10005ff0                drsub_shim
                0x10005ff6                dsub_shim
 .text.dadd_shim
                0x10006000      0x15c CMakeFiles/main.dir/C_/RPPicoSDK/sdk/pico-sdk/src/rp2_common/pico_double/double_v1_rom_shim.S.obj
                0x10006000                dadd_shim
 .text.dmul_shim
                0x1000615c      0x15c CMakeFiles/main.dir/C_/RPPicoSDK/sdk/pico-sdk/src/rp2_common/pico_double/double_v1_rom_shim.S.obj
                0x1000615c                dmul_shim
 .text.ddiv_shim
                0x100062b8      0x1b0 CMakeFiles/main.dir/C_/RPPicoSDK/sdk/pico-sdk/src/rp2_common/pico_double/double_v1_rom_shim.S.obj
                0x100062b8                ddiv_shim
 .text.double2uint_shim
                0x10006468        0xe CMakeFiles/main.dir/C_/RPPicoSDK/sdk/pico-sdk/src/rp2_common/pico_double/double_v1_rom_shim.S.obj
                0x10006468                double2uint_shim
                0x1000646a                double2ufix_shim
 *fill*         0x10006476        0x2 
 .text.double2uint64_shim
                0x10006478       0x70 CMakeFiles/main.dir/C_/RPPicoSDK/sdk/pico-sdk/src/rp2_common/pico_double/double_v1_rom_shim.S.obj
                0x10006478                double2uint64_shim
                0x1000647a                double2ufix64_shim
                0x1000649a                d2fix_a
 .text.dunpacks
                0x100064e8       0x3c CMakeFiles/main.dir/C_/RPPicoSDK/sdk/pico-sdk/src/rp2_common/pico_double/double_v1_rom_shim.S.obj
                0x100064e8                dunpacks
 .text.__aeabi_lmul
                0x10006524       0x32 CMakeFiles/main.dir/C_/RPPicoSDK/sdk/pico-sdk/src/rp2_common/pico_int64_ops/pico_int64_ops_aeabi.S.obj
                0x10006524                __wrap___aeabi_lmul
 *fill*         0x10006556        0x2 
 .text.__aeabi_float_init
                0x10006558       0x64 CMakeFiles/main.dir/C_/RPPicoSDK/sdk/pico-sdk/src/rp2_common/pico_float/float_init_rom.c.obj
                0x10006558                __aeabi_float_init
 .text.float_table_shim_on_use_helper
                0x100065bc       0x2c CMakeFiles/main.dir/C_/RPPicoSDK/sdk/pico-sdk/src/rp2_common/pico_float/float_v1_rom_shim.S.obj
                0x100065bc                float_table_shim_on_use_helper
 .text          0x100065e8       0x10 CMakeFiles/main.dir/C_/RPPicoSDK/sdk/pico-sdk/src/rp2_common/pico_mem_ops/mem_ops_aeabi.S.obj
                0x100065e8                __aeabi_mem_init
 .text.memset   0x100065f8        0xc CMakeFiles/main.dir/C_/RPPicoSDK/sdk/pico-sdk/src/rp2_common/pico_mem_ops/mem_ops_aeabi.S.obj
                0x100065f8                __wrap_memset
 .text.memcpy   0x10006604        0xc CMakeFiles/main.dir/C_/RPPicoSDK/sdk/pico-sdk/src/rp2_common/pico_mem_ops/mem_ops_aeabi.S.obj
                0x10006604                __wrap_memcpy
                0x10006604                __wrap___aeabi_memcpy
 .text.stdio_out_chars_no_crlf
                0x10006610       0x10 CMakeFiles/main.dir/C_/RPPicoSDK/sdk/pico-sdk/src/rp2_common/pico_stdio/stdio.c.obj
 .text.stdio_out_chars_crlf
                0x10006620       0xb4 CMakeFiles/main.dir/C_/RPPicoSDK/sdk/pico-sdk/src/rp2_common/pico_stdio/stdio.c.obj
 .text.stdio_put_string.isra.0
                0x100066d4       0xfc CMakeFiles/main.dir/C_/RPPicoSDK/sdk/pico-sdk/src/rp2_common/pico_stdio/stdio.c.obj
 .text.__wrap_putchar
                0x100067d0       0xa0 CMakeFiles/main.dir/C_/RPPicoSDK/sdk/pico-sdk/src/rp2_common/pico_stdio/stdio.c.obj
                0x100067d0                __wrap_putchar
 .text.__wrap_puts
                0x10006870       0x3c CMakeFiles/main.dir/C_/RPPicoSDK/sdk/pico-sdk/src/rp2_common/pico_stdio/stdio.c.obj
                0x10006870                __wrap_puts
 .text.stdio_set_driver_enabled
                0x100068ac       0x3c CMakeFiles/main.dir/C_/RPPicoSDK/sdk/pico-sdk/src/rp2_common/pico_stdio/stdio.c.obj
                0x100068ac                stdio_set_driver_enabled
 .text.stdio_init_all
                0x100068e8        0x8 CMakeFiles/main.dir/C_/RPPicoSDK/sdk/pico-sdk/src/rp2_common/pico_stdio/stdio.c.obj
                0x100068e8                stdio_init_all
 .text.resetd_init
                0x100068f0        0x4 CMakeFiles/main.dir/C_/RPPicoSDK/sdk/pico-sdk/src/rp2_common/pico_stdio_usb/reset_interface.c.obj
 .text.resetd_reset
                0x100068f4        0xc CMakeFiles/main.dir/C_/RPPicoSDK/sdk/pico-sdk/src/rp2_common/pico_stdio_usb/reset_interface.c.obj
 .text.resetd_open
                0x10006900       0x28 CMakeFiles/main.dir/C_/RPPicoSDK/sdk/pico-sdk/src/rp2_common/pico_stdio_usb/reset_interface.c.obj
 .text.resetd_xfer_cb
                0x10006928        0x4 CMakeFiles/main.dir/C_/RPPicoSDK/sdk/pico-sdk/src/rp2_common/pico_stdio_usb/reset_interface.c.obj
 .text.resetd_control_xfer_cb
                0x1000692c       0x64 CMakeFiles/main.dir/C_/RPPicoSDK/sdk/pico-sdk/src/rp2_common/pico_stdio_usb/reset_interface.c.obj
 .text.usbd_app_driver_get_cb
                0x10006990        0xc CMakeFiles/main.dir/C_/RPPicoSDK/sdk/pico-sdk/src/rp2_common/pico_stdio_usb/reset_interface.c.obj
                0x10006990                usbd_app_driver_get_cb
 .text.tud_cdc_line_coding_cb
                0x1000699c       0x34 CMakeFiles/main.dir/C_/RPPicoSDK/sdk/pico-sdk/src/rp2_common/pico_stdio_usb/reset_interface.c.obj
                0x1000699c                tud_cdc_line_coding_cb
 .text.stdio_usb_in_chars
                0x100069d0       0x68 CMakeFiles/main.dir/C_/RPPicoSDK/sdk/pico-sdk/src/rp2_common/pico_stdio_usb/stdio_usb.c.obj
                0x100069d0                stdio_usb_in_chars
 .text.stdio_usb_out_chars
                0x10006a38       0xe4 CMakeFiles/main.dir/C_/RPPicoSDK/sdk/pico-sdk/src/rp2_common/pico_stdio_usb/stdio_usb.c.obj
 .text.timer_task
                0x10006b1c       0x10 CMakeFiles/main.dir/C_/RPPicoSDK/sdk/pico-sdk/src/rp2_common/pico_stdio_usb/stdio_usb.c.obj
 .text.low_priority_worker_irq
                0x10006b2c       0x24 CMakeFiles/main.dir/C_/RPPicoSDK/sdk/pico-sdk/src/rp2_common/pico_stdio_usb/stdio_usb.c.obj
 .text.stdio_usb_init
                0x10006b50       0x90 CMakeFiles/main.dir/C_/RPPicoSDK/sdk/pico-sdk/src/rp2_common/pico_stdio_usb/stdio_usb.c.obj
                0x10006b50                stdio_usb_init
 .text.tud_descriptor_device_cb
                0x10006be0        0x8 CMakeFiles/main.dir/C_/RPPicoSDK/sdk/pico-sdk/src/rp2_common/pico_stdio_usb/stdio_usb_descriptors.c.obj
                0x10006be0                tud_descriptor_device_cb
 .text.tud_descriptor_configuration_cb
                0x10006be8        0x8 CMakeFiles/main.dir/C_/RPPicoSDK/sdk/pico-sdk/src/rp2_common/pico_stdio_usb/stdio_usb_descriptors.c.obj
                0x10006be8                tud_descriptor_configuration_cb
 .text.tud_descriptor_string_cb
                0x10006bf0       0x74 CMakeFiles/main.dir/C_/RPPicoSDK/sdk/pico-sdk/src/rp2_common/pico_stdio_usb/stdio_usb_descriptors.c.obj
                0x10006bf0                tud_descriptor_string_cb
 .text.dcd_rp2040_irq
                0x10006c64      0x21c CMakeFiles/main.dir/C_/RPPicoSDK/sdk/pico-sdk/lib/tinyusb/src/portable/raspberrypi/rp2040/dcd_rp2040.c.obj
 .text.dcd_int_enable
                0x10006e80        0xc CMakeFiles/main.dir/C_/RPPicoSDK/sdk/pico-sdk/lib/tinyusb/src/portable/raspberrypi/rp2040/dcd_rp2040.c.obj
                0x10006e80                dcd_int_enable
 .text.dcd_set_address
                0x10006e8c       0x14 CMakeFiles/main.dir/C_/RPPicoSDK/sdk/pico-sdk/lib/tinyusb/src/portable/raspberrypi/rp2040/dcd_rp2040.c.obj
                0x10006e8c                dcd_set_address
 .text.dcd_connect
                0x10006ea0       0x10 CMakeFiles/main.dir/C_/RPPicoSDK/sdk/pico-sdk/lib/tinyusb/src/portable/raspberrypi/rp2040/dcd_rp2040.c.obj
                0x10006ea0                dcd_connect
 .text.dcd_init
                0x10006eb0      0x144 CMakeFiles/main.dir/C_/RPPicoSDK/sdk/pico-sdk/lib/tinyusb/src/portable/raspberrypi/rp2040/dcd_rp2040.c.obj
                0x10006eb0                dcd_init
 .text.dcd_edpt0_status_complete
                0x10006ff4       0x1c CMakeFiles/main.dir/C_/RPPicoSDK/sdk/pico-sdk/lib/tinyusb/src/portable/raspberrypi/rp2040/dcd_rp2040.c.obj
                0x10006ff4                dcd_edpt0_status_complete
 .text.dcd_edpt_open
                0x10007010       0xf0 CMakeFiles/main.dir/C_/RPPicoSDK/sdk/pico-sdk/lib/tinyusb/src/portable/raspberrypi/rp2040/dcd_rp2040.c.obj
                0x10007010                dcd_edpt_open
 .text.dcd_edpt_close_all
                0x10007100       0xbc CMakeFiles/main.dir/C_/RPPicoSDK/sdk/pico-sdk/lib/tinyusb/src/portable/raspberrypi/rp2040/dcd_rp2040.c.obj
                0x10007100                dcd_edpt_close_all
 .text.dcd_edpt_xfer
                0x100071bc       0x24 CMakeFiles/main.dir/C_/RPPicoSDK/sdk/pico-sdk/lib/tinyusb/src/portable/raspberrypi/rp2040/dcd_rp2040.c.obj
                0x100071bc                dcd_edpt_xfer
 .text.dcd_edpt_stall
                0x100071e0       0x38 CMakeFiles/main.dir/C_/RPPicoSDK/sdk/pico-sdk/lib/tinyusb/src/portable/raspberrypi/rp2040/dcd_rp2040.c.obj
                0x100071e0                dcd_edpt_stall
 .text.dcd_edpt_clear_stall
                0x10007218       0x30 CMakeFiles/main.dir/C_/RPPicoSDK/sdk/pico-sdk/lib/tinyusb/src/portable/raspberrypi/rp2040/dcd_rp2040.c.obj
                0x10007218                dcd_edpt_clear_stall
 .text._hw_endpoint_buffer_control_update32.part.0.isra.0
                0x10007248       0x1c CMakeFiles/main.dir/C_/RPPicoSDK/sdk/pico-sdk/lib/tinyusb/src/portable/raspberrypi/rp2040/rp2040_usb.c.obj
 .text.rp2040_usb_init
                0x10007264       0x4c CMakeFiles/main.dir/C_/RPPicoSDK/sdk/pico-sdk/lib/tinyusb/src/portable/raspberrypi/rp2040/rp2040_usb.c.obj
                0x10007264                rp2040_usb_init
 .text.hw_endpoint_reset_transfer
                0x100072b0        0xc CMakeFiles/main.dir/C_/RPPicoSDK/sdk/pico-sdk/lib/tinyusb/src/portable/raspberrypi/rp2040/rp2040_usb.c.obj
                0x100072b0                hw_endpoint_reset_transfer
 .text._hw_endpoint_buffer_control_update32
                0x100072bc       0x44 CMakeFiles/main.dir/C_/RPPicoSDK/sdk/pico-sdk/lib/tinyusb/src/portable/raspberrypi/rp2040/rp2040_usb.c.obj
                0x100072bc                _hw_endpoint_buffer_control_update32
 .text.hw_endpoint_xfer_start
                0x10007300      0x138 CMakeFiles/main.dir/C_/RPPicoSDK/sdk/pico-sdk/lib/tinyusb/src/portable/raspberrypi/rp2040/rp2040_usb.c.obj
                0x10007300                hw_endpoint_xfer_start
 .text.hw_endpoint_xfer_continue
                0x10007438      0x1e4 CMakeFiles/main.dir/C_/RPPicoSDK/sdk/pico-sdk/lib/tinyusb/src/portable/raspberrypi/rp2040/rp2040_usb.c.obj
                0x10007438                hw_endpoint_xfer_continue
 .text.tud_mounted
                0x1000761c       0x10 CMakeFiles/main.dir/C_/RPPicoSDK/sdk/pico-sdk/lib/tinyusb/src/device/usbd.c.obj
                0x1000761c                tud_mounted
 .text.tud_suspended
                0x1000762c       0x10 CMakeFiles/main.dir/C_/RPPicoSDK/sdk/pico-sdk/lib/tinyusb/src/device/usbd.c.obj
                0x1000762c                tud_suspended
 .text.tud_inited
                0x1000763c        0xc CMakeFiles/main.dir/C_/RPPicoSDK/sdk/pico-sdk/lib/tinyusb/src/device/usbd.c.obj
                0x1000763c                tud_inited
 .text.tud_init
                0x10007648       0xd8 CMakeFiles/main.dir/C_/RPPicoSDK/sdk/pico-sdk/lib/tinyusb/src/device/usbd.c.obj
                0x10007648                tud_init
 .text.tud_task
                0x10007720      0x8ec CMakeFiles/main.dir/C_/RPPicoSDK/sdk/pico-sdk/lib/tinyusb/src/device/usbd.c.obj
                0x10007720                tud_task
 .text.dcd_event_bus_signal
                0x1000800c      0x120 CMakeFiles/main.dir/C_/RPPicoSDK/sdk/pico-sdk/lib/tinyusb/src/device/usbd.c.obj
                0x1000800c                dcd_event_bus_signal
 .text.dcd_event_bus_reset
                0x1000812c       0x54 CMakeFiles/main.dir/C_/RPPicoSDK/sdk/pico-sdk/lib/tinyusb/src/device/usbd.c.obj
                0x1000812c                dcd_event_bus_reset
 .text.dcd_event_setup_received
                0x10008180       0x50 CMakeFiles/main.dir/C_/RPPicoSDK/sdk/pico-sdk/lib/tinyusb/src/device/usbd.c.obj
                0x10008180                dcd_event_setup_received
 .text.dcd_event_xfer_complete
                0x100081d0       0x68 CMakeFiles/main.dir/C_/RPPicoSDK/sdk/pico-sdk/lib/tinyusb/src/device/usbd.c.obj
                0x100081d0                dcd_event_xfer_complete
 .text.usbd_open_edpt_pair
                0x10008238       0x80 CMakeFiles/main.dir/C_/RPPicoSDK/sdk/pico-sdk/lib/tinyusb/src/device/usbd.c.obj
                0x10008238                usbd_open_edpt_pair
 .text.usbd_edpt_open
                0x100082b8       0x30 CMakeFiles/main.dir/C_/RPPicoSDK/sdk/pico-sdk/lib/tinyusb/src/device/usbd.c.obj
                0x100082b8                usbd_edpt_open
 .text.usbd_edpt_claim
                0x100082e8       0x64 CMakeFiles/main.dir/C_/RPPicoSDK/sdk/pico-sdk/lib/tinyusb/src/device/usbd.c.obj
                0x100082e8                usbd_edpt_claim
 .text.usbd_edpt_release
                0x1000834c       0x4c CMakeFiles/main.dir/C_/RPPicoSDK/sdk/pico-sdk/lib/tinyusb/src/device/usbd.c.obj
                0x1000834c                usbd_edpt_release
 .text.usbd_edpt_xfer
                0x10008398       0x48 CMakeFiles/main.dir/C_/RPPicoSDK/sdk/pico-sdk/lib/tinyusb/src/device/usbd.c.obj
                0x10008398                usbd_edpt_xfer
 .text.tud_control_status
                0x100083e0       0x30 CMakeFiles/main.dir/C_/RPPicoSDK/sdk/pico-sdk/lib/tinyusb/src/device/usbd_control.c.obj
                0x100083e0                tud_control_status
 .text.tud_control_xfer
                0x10008410       0xbc CMakeFiles/main.dir/C_/RPPicoSDK/sdk/pico-sdk/lib/tinyusb/src/device/usbd_control.c.obj
                0x10008410                tud_control_xfer
 .text.usbd_control_reset
                0x100084cc       0x14 CMakeFiles/main.dir/C_/RPPicoSDK/sdk/pico-sdk/lib/tinyusb/src/device/usbd_control.c.obj
                0x100084cc                usbd_control_reset
 .text.usbd_control_set_complete_callback
                0x100084e0        0xc CMakeFiles/main.dir/C_/RPPicoSDK/sdk/pico-sdk/lib/tinyusb/src/device/usbd_control.c.obj
                0x100084e0                usbd_control_set_complete_callback
 .text.usbd_control_set_request
                0x100084ec       0x1c CMakeFiles/main.dir/C_/RPPicoSDK/sdk/pico-sdk/lib/tinyusb/src/device/usbd_control.c.obj
                0x100084ec                usbd_control_set_request
 .text.usbd_control_xfer_cb
                0x10008508       0xfc CMakeFiles/main.dir/C_/RPPicoSDK/sdk/pico-sdk/lib/tinyusb/src/device/usbd_control.c.obj
                0x10008508                usbd_control_xfer_cb
 .text.tud_cdc_n_connected
                0x10008604       0x30 CMakeFiles/main.dir/C_/RPPicoSDK/sdk/pico-sdk/lib/tinyusb/src/class/cdc/cdc_device.c.obj
                0x10008604                tud_cdc_n_connected
 .text.tud_cdc_n_available
                0x10008634       0x18 CMakeFiles/main.dir/C_/RPPicoSDK/sdk/pico-sdk/lib/tinyusb/src/class/cdc/cdc_device.c.obj
                0x10008634                tud_cdc_n_available
 .text.tud_cdc_n_read
                0x1000864c       0x70 CMakeFiles/main.dir/C_/RPPicoSDK/sdk/pico-sdk/lib/tinyusb/src/class/cdc/cdc_device.c.obj
                0x1000864c                tud_cdc_n_read
 .text.tud_cdc_n_write_flush
                0x100086bc       0x78 CMakeFiles/main.dir/C_/RPPicoSDK/sdk/pico-sdk/lib/tinyusb/src/class/cdc/cdc_device.c.obj
                0x100086bc                tud_cdc_n_write_flush
 .text.tud_cdc_n_write
                0x10008734       0x34 CMakeFiles/main.dir/C_/RPPicoSDK/sdk/pico-sdk/lib/tinyusb/src/class/cdc/cdc_device.c.obj
                0x10008734                tud_cdc_n_write
 .text.tud_cdc_n_write_available
                0x10008768       0x18 CMakeFiles/main.dir/C_/RPPicoSDK/sdk/pico-sdk/lib/tinyusb/src/class/cdc/cdc_device.c.obj
                0x10008768                tud_cdc_n_write_available
 .text.cdcd_init
                0x10008780       0x7c CMakeFiles/main.dir/C_/RPPicoSDK/sdk/pico-sdk/lib/tinyusb/src/class/cdc/cdc_device.c.obj
                0x10008780                cdcd_init
 .text.cdcd_reset
                0x100087fc       0x2c CMakeFiles/main.dir/C_/RPPicoSDK/sdk/pico-sdk/lib/tinyusb/src/class/cdc/cdc_device.c.obj
                0x100087fc                cdcd_reset
 .text.cdcd_open
                0x10008828       0xe4 CMakeFiles/main.dir/C_/RPPicoSDK/sdk/pico-sdk/lib/tinyusb/src/class/cdc/cdc_device.c.obj
                0x10008828                cdcd_open
 .text.cdcd_control_xfer_cb
                0x1000890c       0xe4 CMakeFiles/main.dir/C_/RPPicoSDK/sdk/pico-sdk/lib/tinyusb/src/class/cdc/cdc_device.c.obj
                0x1000890c                cdcd_control_xfer_cb
 .text.cdcd_xfer_cb
                0x100089f0      0x148 CMakeFiles/main.dir/C_/RPPicoSDK/sdk/pico-sdk/lib/tinyusb/src/class/cdc/cdc_device.c.obj
                0x100089f0                cdcd_xfer_cb
 .text.tusb_init
                0x10008b38        0xc CMakeFiles/main.dir/C_/RPPicoSDK/sdk/pico-sdk/lib/tinyusb/src/tusb.c.obj
                0x10008b38                tusb_init
 .text.tusb_inited
                0x10008b44        0x8 CMakeFiles/main.dir/C_/RPPicoSDK/sdk/pico-sdk/lib/tinyusb/src/tusb.c.obj
                0x10008b44                tusb_inited
 .text.tu_edpt_validate
                0x10008b4c       0x78 CMakeFiles/main.dir/C_/RPPicoSDK/sdk/pico-sdk/lib/tinyusb/src/tusb.c.obj
                0x10008b4c                tu_edpt_validate
 .text.tu_edpt_bind_driver
                0x10008bc4       0x2c CMakeFiles/main.dir/C_/RPPicoSDK/sdk/pico-sdk/lib/tinyusb/src/tusb.c.obj
                0x10008bc4                tu_edpt_bind_driver
 .text.tu_fifo_config
                0x10008bf0       0x78 CMakeFiles/main.dir/C_/RPPicoSDK/sdk/pico-sdk/lib/tinyusb/src/common/tusb_fifo.c.obj
                0x10008bf0                tu_fifo_config
 .text.tu_fifo_count
                0x10008c68       0x20 CMakeFiles/main.dir/C_/RPPicoSDK/sdk/pico-sdk/lib/tinyusb/src/common/tusb_fifo.c.obj
                0x10008c68                tu_fifo_count
 .text.tu_fifo_empty
                0x10008c88       0x10 CMakeFiles/main.dir/C_/RPPicoSDK/sdk/pico-sdk/lib/tinyusb/src/common/tusb_fifo.c.obj
                0x10008c88                tu_fifo_empty
 .text.tu_fifo_remaining
                0x10008c98       0x1c CMakeFiles/main.dir/C_/RPPicoSDK/sdk/pico-sdk/lib/tinyusb/src/common/tusb_fifo.c.obj
                0x10008c98                tu_fifo_remaining
 .text.tu_fifo_read
                0x10008cb4       0x9c CMakeFiles/main.dir/C_/RPPicoSDK/sdk/pico-sdk/lib/tinyusb/src/common/tusb_fifo.c.obj
                0x10008cb4                tu_fifo_read
 .text.tu_fifo_read_n
                0x10008d50      0x100 CMakeFiles/main.dir/C_/RPPicoSDK/sdk/pico-sdk/lib/tinyusb/src/common/tusb_fifo.c.obj
                0x10008d50                tu_fifo_read_n
 .text.tu_fifo_write
                0x10008e50       0x7c CMakeFiles/main.dir/C_/RPPicoSDK/sdk/pico-sdk/lib/tinyusb/src/common/tusb_fifo.c.obj
                0x10008e50                tu_fifo_write
 .text.tu_fifo_write_n
                0x10008ecc      0x100 CMakeFiles/main.dir/C_/RPPicoSDK/sdk/pico-sdk/lib/tinyusb/src/common/tusb_fifo.c.obj
                0x10008ecc                tu_fifo_write_n
 .text.tu_fifo_clear
                0x10008fcc       0x4c CMakeFiles/main.dir/C_/RPPicoSDK/sdk/pico-sdk/lib/tinyusb/src/common/tusb_fifo.c.obj
                0x10008fcc                tu_fifo_clear
 .text.tu_fifo_set_overwritable
                0x10009018       0x3c CMakeFiles/main.dir/C_/RPPicoSDK/sdk/pico-sdk/lib/tinyusb/src/common/tusb_fifo.c.obj
                0x10009018                tu_fifo_set_overwritable
 .text.startup._retrieve_unique_id_on_boot
                0x10009054       0x10 CMakeFiles/main.dir/C_/RPPicoSDK/sdk/pico-sdk/src/rp2_common/pico_unique_id/unique_id.c.obj
 .text.pico_get_unique_board_id_string
                0x10009064      0x1a8 CMakeFiles/main.dir/C_/RPPicoSDK/sdk/pico-sdk/src/rp2_common/pico_unique_id/unique_id.c.obj
                0x10009064                pico_get_unique_board_id_string
 .text.flash_get_unique_id
                0x1000920c       0x40 CMakeFiles/main.dir/C_/RPPicoSDK/sdk/pico-sdk/src/rp2_common/hardware_flash/flash.c.obj
                0x1000920c                flash_get_unique_id
 .text.rtc_irq_handler
                0x1000924c       0x54 CMakeFiles/main.dir/C_/RPPicoSDK/sdk/pico-sdk/src/rp2_common/hardware_rtc/rtc.c.obj
 .text.rtc_init
                0x100092a0       0x38 CMakeFiles/main.dir/C_/RPPicoSDK/sdk/pico-sdk/src/rp2_common/hardware_rtc/rtc.c.obj
                0x100092a0                rtc_init
 .text.rtc_set_datetime
                0x100092d8       0xac CMakeFiles/main.dir/C_/RPPicoSDK/sdk/pico-sdk/src/rp2_common/hardware_rtc/rtc.c.obj
                0x100092d8                rtc_set_datetime
 .text.rtc_get_datetime
                0x10009384       0x44 CMakeFiles/main.dir/C_/RPPicoSDK/sdk/pico-sdk/src/rp2_common/hardware_rtc/rtc.c.obj
                0x10009384                rtc_get_datetime
 .text.rtc_set_alarm
                0x100093c8      0x178 CMakeFiles/main.dir/C_/RPPicoSDK/sdk/pico-sdk/src/rp2_common/hardware_rtc/rtc.c.obj
                0x100093c8                rtc_set_alarm
 .text.strlen   0x10009540       0x5c c:/rppicosdk/armcc/10 2021.10/bin/../lib/gcc/arm-none-eabi/10.3.1/../../../../arm-none-eabi/lib/thumb/v6-m/nofp\libc.a(lib_a-strlen-stub.o)
                0x10009540                strlen
 *(.fini)
 .fini          0x1000959c        0x4 c:/rppicosdk/armcc/10 2021.10/bin/../lib/gcc/arm-none-eabi/10.3.1/thumb/v6-m/nofp/crti.o
                0x1000959c                _fini
 .fini.__stub   0x100095a0       0x70 linker stubs
 *crtbegin.o(.ctors)
 *crtbegin?.o(.ctors)
 *(EXCLUDE_FILE(*crtend.o *crtend?.o) .ctors)
 *(SORT_BY_NAME(.ctors.*))
 *(.ctors)
 *crtbegin.o(.dtors)
 *crtbegin?.o(.dtors)
 *(EXCLUDE_FILE(*crtend.o *crtend?.o) .dtors)
 *(SORT_BY_NAME(.dtors.*))
 *(.dtors)
 *(.eh_frame*)
 .eh_frame      0x10009610        0x0 c:/rppicosdk/armcc/10 2021.10/bin/../lib/gcc/arm-none-eabi/10.3.1/thumb/v6-m/nofp/crtbegin.o
                0x10009610                . = ALIGN (0x4)

.glue_7         0x10009610        0x0
 .glue_7        0x10009610        0x0 linker stubs

.glue_7t        0x10009610        0x0
 .glue_7t       0x10009610        0x0 linker stubs

.vfp11_veneer   0x10009610        0x0
 .vfp11_veneer  0x10009610        0x0 linker stubs

.v4_bx          0x10009610        0x0
 .v4_bx         0x10009610        0x0 linker stubs

.iplt           0x10009610        0x0
 .iplt          0x10009610        0x0 c:/rppicosdk/armcc/10 2021.10/bin/../lib/gcc/arm-none-eabi/10.3.1/thumb/v6-m/nofp/crtbegin.o

.rodata         0x10009610      0x66c
 *(EXCLUDE_FILE(*libm.a: *libc.a:*lib_a-mem*.o *libgcc.a:) .rodata*)
 .rodata.putMensaje.str1.4
                0x10009610       0x27 CMakeFiles/main.dir/main.c.obj
 *fill*         0x10009637        0x1 
 .rodata.putMensaje
                0x10009638       0x18 CMakeFiles/main.dir/main.c.obj
 .rodata.captureData.str1.4
                0x10009650       0xc9 CMakeFiles/main.dir/main.c.obj
 *fill*         0x10009719        0x3 
 .rodata.captureData
                0x1000971c       0x1c CMakeFiles/main.dir/main.c.obj
 .rodata.main.str1.4
                0x10009738       0x30 CMakeFiles/main.dir/main.c.obj
 .rodata.main   0x10009768       0x18 CMakeFiles/main.dir/main.c.obj
 .rodata.spin_lock_claim_unused.str1.4
                0x10009780       0x1b CMakeFiles/main.dir/C_/RPPicoSDK/sdk/pico-sdk/src/rp2_common/hardware_sync/sync.c.obj
 *fill*         0x1000979b        0x1 
 .rodata.hardware_alarm_claim.str1.4
                0x1000979c       0x22 CMakeFiles/main.dir/C_/RPPicoSDK/sdk/pico-sdk/src/rp2_common/hardware_timer/timer.c.obj
 *fill*         0x100097be        0x2 
 .rodata.panic.str1.4
                0x100097c0       0x12 CMakeFiles/main.dir/C_/RPPicoSDK/sdk/pico-sdk/src/rp2_common/pico_runtime/runtime.c.obj
 *fill*         0x100097d2        0x2 
 .rodata.hard_assertion_failure.str1.4
                0x100097d4        0xc CMakeFiles/main.dir/C_/RPPicoSDK/sdk/pico-sdk/src/rp2_common/pico_runtime/runtime.c.obj
 .rodata._ftoa.str1.4
                0x100097e0       0x15 CMakeFiles/main.dir/C_/RPPicoSDK/sdk/pico-sdk/src/rp2_common/pico_printf/printf.c.obj
 *fill*         0x100097f5        0x3 
 .rodata._vsnprintf
                0x100097f8      0x1e0 CMakeFiles/main.dir/C_/RPPicoSDK/sdk/pico-sdk/src/rp2_common/pico_printf/printf.c.obj
 .rodata.pow10.0
                0x100099d8       0x50 CMakeFiles/main.dir/C_/RPPicoSDK/sdk/pico-sdk/src/rp2_common/pico_printf/printf.c.obj
 .rodata.str1.4
                0x10009a28       0x3c CMakeFiles/main.dir/C_/RPPicoSDK/sdk/pico-sdk/src/rp2_common/pico_standard_link/binary_info.c.obj
 .rodata.__bi_44
                0x10009a64        0xc CMakeFiles/main.dir/C_/RPPicoSDK/sdk/pico-sdk/src/rp2_common/pico_standard_link/binary_info.c.obj
 .rodata.__bi_75
                0x10009a70        0xc CMakeFiles/main.dir/C_/RPPicoSDK/sdk/pico-sdk/src/rp2_common/pico_standard_link/binary_info.c.obj
 .rodata.__bi_81
                0x10009a7c        0xc CMakeFiles/main.dir/C_/RPPicoSDK/sdk/pico-sdk/src/rp2_common/pico_standard_link/binary_info.c.obj
 .rodata.crlf_str.0
                0x10009a88        0x2 CMakeFiles/main.dir/C_/RPPicoSDK/sdk/pico-sdk/src/rp2_common/pico_stdio/stdio.c.obj
 *fill*         0x10009a8a        0x2 
 .rodata._resetd_driver
                0x10009a8c       0x18 CMakeFiles/main.dir/C_/RPPicoSDK/sdk/pico-sdk/src/rp2_common/pico_stdio_usb/reset_interface.c.obj
 .rodata.str1.4
                0x10009aa4       0x13 CMakeFiles/main.dir/C_/RPPicoSDK/sdk/pico-sdk/src/rp2_common/pico_stdio_usb/stdio_usb.c.obj
 *fill*         0x10009ab7        0x1 
 .rodata.__bi_93.0
                0x10009ab8        0xc CMakeFiles/main.dir/C_/RPPicoSDK/sdk/pico-sdk/src/rp2_common/pico_stdio_usb/stdio_usb.c.obj
 .rodata.str1.4
                0x10009ac4       0x2a CMakeFiles/main.dir/C_/RPPicoSDK/sdk/pico-sdk/src/rp2_common/pico_stdio_usb/stdio_usb_descriptors.c.obj
 *fill*         0x10009aee        0x2 
 .rodata.usbd_desc_cfg
                0x10009af0       0x54 CMakeFiles/main.dir/C_/RPPicoSDK/sdk/pico-sdk/src/rp2_common/pico_stdio_usb/stdio_usb_descriptors.c.obj
 .rodata.usbd_desc_device
                0x10009b44       0x12 CMakeFiles/main.dir/C_/RPPicoSDK/sdk/pico-sdk/src/rp2_common/pico_stdio_usb/stdio_usb_descriptors.c.obj
 *fill*         0x10009b56        0x2 
 .rodata.usbd_desc_str
                0x10009b58       0x18 CMakeFiles/main.dir/C_/RPPicoSDK/sdk/pico-sdk/src/rp2_common/pico_stdio_usb/stdio_usb_descriptors.c.obj
 .rodata.dcd_rp2040_irq.str1.4
                0x10009b70       0x14 CMakeFiles/main.dir/C_/RPPicoSDK/sdk/pico-sdk/lib/tinyusb/src/portable/raspberrypi/rp2040/dcd_rp2040.c.obj
 .rodata._hw_endpoint_buffer_control_update32.part.0.isra.0.str1.4
                0x10009b84       0x1f CMakeFiles/main.dir/C_/RPPicoSDK/sdk/pico-sdk/lib/tinyusb/src/portable/raspberrypi/rp2040/rp2040_usb.c.obj
 *fill*         0x10009ba3        0x1 
 .rodata.hw_endpoint_xfer_continue.str1.4
                0x10009ba4       0x29 CMakeFiles/main.dir/C_/RPPicoSDK/sdk/pico-sdk/lib/tinyusb/src/portable/raspberrypi/rp2040/rp2040_usb.c.obj
 *fill*         0x10009bcd        0x3 
 .rodata.str1.4
                0x10009bd0        0x7 CMakeFiles/main.dir/C_/RPPicoSDK/sdk/pico-sdk/lib/tinyusb/src/portable/raspberrypi/rp2040/rp2040_usb.c.obj
 *fill*         0x10009bd7        0x1 
 .rodata.tud_task
                0x10009bd8       0x8c CMakeFiles/main.dir/C_/RPPicoSDK/sdk/pico-sdk/lib/tinyusb/src/device/usbd.c.obj
 .rodata._usbd_driver
                0x10009c64       0x18 CMakeFiles/main.dir/C_/RPPicoSDK/sdk/pico-sdk/lib/tinyusb/src/device/usbd.c.obj
                0x10009c7c                . = ALIGN (0x4)
 *(SORT_BY_ALIGNMENT(SORT_BY_NAME(.flashdata*)))
                0x10009c7c                . = ALIGN (0x4)

.rel.dyn        0x10009c7c        0x0
 .rel.iplt      0x10009c7c        0x0 c:/rppicosdk/armcc/10 2021.10/bin/../lib/gcc/arm-none-eabi/10.3.1/thumb/v6-m/nofp/crtbegin.o

.ARM.extab
 *(.ARM.extab* .gnu.linkonce.armextab.*)
                0x10009c7c                __exidx_start = .

.ARM.exidx
 *(.ARM.exidx* .gnu.linkonce.armexidx.*)
                0x10009c7c                __exidx_end = .
                0x10009c7c                . = ALIGN (0x4)
                0x10009c7c                __binary_info_start = .

.binary_info    0x10009c7c       0x20
 *(.binary_info.keep.*)
 .binary_info.keep.__bi_ptr22
                0x10009c7c        0x4 CMakeFiles/main.dir/C_/RPPicoSDK/sdk/pico-sdk/src/rp2_common/pico_standard_link/binary_info.c.obj
 .binary_info.keep.__bi_ptr30
                0x10009c80        0x4 CMakeFiles/main.dir/C_/RPPicoSDK/sdk/pico-sdk/src/rp2_common/pico_standard_link/binary_info.c.obj
 .binary_info.keep.__bi_ptr38
                0x10009c84        0x4 CMakeFiles/main.dir/C_/RPPicoSDK/sdk/pico-sdk/src/rp2_common/pico_standard_link/binary_info.c.obj
 .binary_info.keep.__bi_ptr44
                0x10009c88        0x4 CMakeFiles/main.dir/C_/RPPicoSDK/sdk/pico-sdk/src/rp2_common/pico_standard_link/binary_info.c.obj
 .binary_info.keep.__bi_ptr50
                0x10009c8c        0x4 CMakeFiles/main.dir/C_/RPPicoSDK/sdk/pico-sdk/src/rp2_common/pico_standard_link/binary_info.c.obj
 .binary_info.keep.__bi_ptr75
                0x10009c90        0x4 CMakeFiles/main.dir/C_/RPPicoSDK/sdk/pico-sdk/src/rp2_common/pico_standard_link/binary_info.c.obj
 .binary_info.keep.__bi_ptr81
                0x10009c94        0x4 CMakeFiles/main.dir/C_/RPPicoSDK/sdk/pico-sdk/src/rp2_common/pico_standard_link/binary_info.c.obj
 *(.binary_info.*)
 .binary_info.__bi_ptr93
                0x10009c98        0x4 CMakeFiles/main.dir/C_/RPPicoSDK/sdk/pico-sdk/src/rp2_common/pico_stdio_usb/stdio_usb.c.obj
                0x10009c9c                __binary_info_end = .
                0x10009c9c                . = ALIGN (0x4)
                0x10009c9c                __etext = .

.ram_vector_table
                0x20000000       0xc0
 *(.ram_vector_table)
 .ram_vector_table
                0x20000000       0xc0 CMakeFiles/main.dir/C_/RPPicoSDK/sdk/pico-sdk/src/rp2_common/pico_runtime/runtime.c.obj
                0x20000000                ram_vector_table

.data           0x200000c0      0x480 load address 0x10009c9c
                0x200000c0                __data_start__ = .
 *(vtable)
 *(.time_critical*)
 .time_critical.mutex_enter_blocking
                0x200000c0       0x48 CMakeFiles/main.dir/C_/RPPicoSDK/sdk/pico-sdk/src/common/pico_sync/mutex.c.obj
                0x200000c0                mutex_enter_blocking
 .time_critical.mutex_try_enter
                0x20000108       0x44 CMakeFiles/main.dir/C_/RPPicoSDK/sdk/pico-sdk/src/common/pico_sync/mutex.c.obj
                0x20000108                mutex_try_enter
 .time_critical.mutex_enter_timeout_ms
                0x2000014c       0xa0 CMakeFiles/main.dir/C_/RPPicoSDK/sdk/pico-sdk/src/common/pico_sync/mutex.c.obj
                0x2000014c                mutex_enter_timeout_ms
 .time_critical.mutex_exit
                0x200001ec       0x28 CMakeFiles/main.dir/C_/RPPicoSDK/sdk/pico-sdk/src/common/pico_sync/mutex.c.obj
                0x200001ec                mutex_exit
 .time_critical.flash_init_boot2_copyout
                0x20000214       0x30 CMakeFiles/main.dir/C_/RPPicoSDK/sdk/pico-sdk/src/rp2_common/hardware_flash/flash.c.obj
 .time_critical.flash_enable_xip_via_boot2
                0x20000244       0x10 CMakeFiles/main.dir/C_/RPPicoSDK/sdk/pico-sdk/src/rp2_common/hardware_flash/flash.c.obj
 .time_critical.flash_cs_force
                0x20000254       0x38 CMakeFiles/main.dir/C_/RPPicoSDK/sdk/pico-sdk/src/rp2_common/hardware_flash/flash.c.obj
 .time_critical.flash_do_cmd
                0x2000028c       0xc4 CMakeFiles/main.dir/C_/RPPicoSDK/sdk/pico-sdk/src/rp2_common/hardware_flash/flash.c.obj
                0x2000028c                flash_do_cmd
 *(.text*)
 .text          0x20000350        0x4 c:/rppicosdk/armcc/10 2021.10/bin/../lib/gcc/arm-none-eabi/10.3.1/thumb/v6-m/nofp\libgcc.a(_dvmd_tls.o)
                0x20000350                __aeabi_idiv0
                0x20000350                __aeabi_ldiv0
 *fill*         0x20000354        0x4 
 .text.__stub   0x20000358       0x30 linker stubs
                0x20000388                . = ALIGN (0x4)
 *(.rodata*)
                0x20000388                . = ALIGN (0x4)
 *(.data*)
 .data.banContSwDt
                0x20000388        0x1 CMakeFiles/main.dir/main.c.obj
                0x20000388                banContSwDt
 *fill*         0x20000389        0x3 
 .data.msnNormal
                0x2000038c       0x15 CMakeFiles/main.dir/main.c.obj
                0x2000038c                msnNormal
 *fill*         0x200003a1        0x3 
 .data.msnOpciones1
                0x200003a4       0x13 CMakeFiles/main.dir/main.c.obj
                0x200003a4                msnOpciones1
 *fill*         0x200003b7        0x1 
 .data.msnOpciones2
                0x200003b8       0x13 CMakeFiles/main.dir/main.c.obj
                0x200003b8                msnOpciones2
 *fill*         0x200003cb        0x1 
 .data.msnOpciones3
                0x200003cc       0x10 CMakeFiles/main.dir/main.c.obj
                0x200003cc                msnOpciones3
 .data.msnOpciones4
                0x200003dc       0x12 CMakeFiles/main.dir/main.c.obj
                0x200003dc                msnOpciones4
 *fill*         0x200003ee        0x2 
 .data.t        0x200003f0        0x8 CMakeFiles/main.dir/main.c.obj
                0x200003f0                t
 .data.init_debounce
                0x200003f8        0x1 CMakeFiles/main.dir/events.c.obj
                0x200003f8                init_debounce
 *fill*         0x200003f9        0x1 
 .data.show_lcd_debounce
                0x200003fa        0x2 CMakeFiles/main.dir/events.c.obj
                0x200003fa                show_lcd_debounce
 .data.time_debounce
                0x200003fc        0x1 CMakeFiles/main.dir/events.c.obj
                0x200003fc                time_debounce
 .data.time_shift
                0x200003fd        0x1 CMakeFiles/main.dir/events.c.obj
                0x200003fd                time_shift
 *fill*         0x200003fe        0x2 
 .data.col      0x20000400       0x10 CMakeFiles/main.dir/keyboard.c.obj
                0x20000400                col
 .data.fil      0x20000410       0x10 CMakeFiles/main.dir/keyboard.c.obj
                0x20000410                fil
 .data.teclas   0x20000420       0x10 CMakeFiles/main.dir/keyboard.c.obj
                0x20000420                teclas
 .data.ports    0x20000430       0x18 CMakeFiles/main.dir/lcd.c.obj
                0x20000430                ports
 .data.striped_spin_lock_num
                0x20000448        0x1 CMakeFiles/main.dir/C_/RPPicoSDK/sdk/pico-sdk/src/rp2_common/hardware_sync/sync.c.obj
 *fill*         0x20000449        0x3 
 .data.default_alarm_pool
                0x2000044c       0x18 CMakeFiles/main.dir/C_/RPPicoSDK/sdk/pico-sdk/src/common/pico_time/time.c.obj
 .data.default_alarm_pool_heap
                0x20000464       0x10 CMakeFiles/main.dir/C_/RPPicoSDK/sdk/pico-sdk/src/common/pico_time/time.c.obj
 .data          0x20000474       0x48 CMakeFiles/main.dir/C_/RPPicoSDK/sdk/pico-sdk/src/rp2_common/hardware_irq/irq_handler_chain.S.obj
                0x20000474                irq_handler_chain_slots
                0x200004a4                irq_handler_chain_first_slot
                0x200004ae                irq_handler_chain_remove_tail
 *fill*         0x200004bc        0x4 
 .data.aeabi_bits_funcs
                0x200004c0       0x10 CMakeFiles/main.dir/C_/RPPicoSDK/sdk/pico-sdk/src/rp2_common/pico_bit_ops/bit_ops_aeabi.S.obj
                0x200004c0                aeabi_bits_funcs
                0x200004d0                aeabi_bits_funcs_end
 .data.aeabi_mem_funcs
                0x200004d0       0x10 CMakeFiles/main.dir/C_/RPPicoSDK/sdk/pico-sdk/src/rp2_common/pico_mem_ops/mem_ops_aeabi.S.obj
                0x200004d0                aeabi_mem_funcs
                0x200004e0                aeabi_mem_funcs_end
 .data.stdio_usb
                0x200004e0       0x14 CMakeFiles/main.dir/C_/RPPicoSDK/sdk/pico-sdk/src/rp2_common/pico_stdio_usb/stdio_usb.c.obj
                0x200004e0                stdio_usb
 .data.ep_dir_string
                0x200004f4        0x8 CMakeFiles/main.dir/C_/RPPicoSDK/sdk/pico-sdk/lib/tinyusb/src/portable/raspberrypi/rp2040/rp2040_usb.c.obj
                0x200004f4                ep_dir_string
 .data._usbd_qdef
                0x200004fc       0x24 CMakeFiles/main.dir/C_/RPPicoSDK/sdk/pico-sdk/lib/tinyusb/src/device/usbd.c.obj
                0x200004fc                _usbd_qdef
                0x20000520                . = ALIGN (0x4)
 *(.after_data.*)
                0x20000520                . = ALIGN (0x4)
                0x20000520                PROVIDE (__mutex_array_start = .)
 *(SORT_BY_NAME(.mutex_array.*))
 *(.mutex_array)
 .mutex_array   0x20000520        0x8 CMakeFiles/main.dir/C_/RPPicoSDK/sdk/pico-sdk/src/rp2_common/pico_stdio/stdio.c.obj
                0x20000528                PROVIDE (__mutex_array_end = .)
                0x20000528                . = ALIGN (0x4)
                0x20000528                PROVIDE (__preinit_array_start = .)
 *(SORT_BY_NAME(.preinit_array.*))
 .preinit_array.00001
                0x20000528        0x4 CMakeFiles/main.dir/C_/RPPicoSDK/sdk/pico-sdk/src/rp2_common/pico_mem_ops/mem_ops_aeabi.S.obj
 .preinit_array.00010
                0x2000052c        0x4 CMakeFiles/main.dir/C_/RPPicoSDK/sdk/pico-sdk/src/rp2_common/pico_bit_ops/bit_ops_aeabi.S.obj
 .preinit_array.00020
                0x20000530        0x4 CMakeFiles/main.dir/C_/RPPicoSDK/sdk/pico-sdk/src/rp2_common/pico_double/double_aeabi.S.obj
 .preinit_array.00020
                0x20000534        0x4 CMakeFiles/main.dir/C_/RPPicoSDK/sdk/pico-sdk/src/rp2_common/pico_float/float_aeabi.S.obj
 *(.preinit_array)
                0x20000538                PROVIDE (__preinit_array_end = .)
                0x20000538                . = ALIGN (0x4)
                0x20000538                PROVIDE (__init_array_start = .)
 *(SORT_BY_NAME(.init_array.*))
 *(.init_array)
 .init_array    0x20000538        0x4 c:/rppicosdk/armcc/10 2021.10/bin/../lib/gcc/arm-none-eabi/10.3.1/thumb/v6-m/nofp/crtbegin.o
 .init_array    0x2000053c        0x4 CMakeFiles/main.dir/C_/RPPicoSDK/sdk/pico-sdk/src/rp2_common/pico_unique_id/unique_id.c.obj
                0x20000540                PROVIDE (__init_array_end = .)
                0x20000540                . = ALIGN (0x4)
                [!provide]                PROVIDE (__fini_array_start = .)
 *(SORT_BY_NAME(.fini_array.*))
 *(.fini_array)
                [!provide]                PROVIDE (__fini_array_end = .)
 *(.jcr)
                0x20000540                . = ALIGN (0x4)
                0x20000540                __data_end__ = .

.igot.plt       0x20000540        0x0 load address 0x1000a11c
 .igot.plt      0x20000540        0x0 c:/rppicosdk/armcc/10 2021.10/bin/../lib/gcc/arm-none-eabi/10.3.1/thumb/v6-m/nofp/crtbegin.o

.uninitialized_data
                0x20000540        0x0 load address 0x1000a11c
                0x20000540                . = ALIGN (0x4)
 *(.uninitialized_data*)

.scratch_x      0x20040000        0x0 load address 0x1000a11c
                0x20040000                __scratch_x_start__ = .
 *(.scratch_x.*)
                0x20040000                . = ALIGN (0x4)
                0x20040000                __scratch_x_end__ = .
                0x1000a11c                __scratch_x_source__ = LOADADDR (.scratch_x)

.scratch_y      0x20041000        0x0 load address 0x1000a11c
                0x20041000                __scratch_y_start__ = .
 *(.scratch_y.*)
                0x20041000                . = ALIGN (0x4)
                0x20041000                __scratch_y_end__ = .
                0x1000a11c                __scratch_y_source__ = LOADADDR (.scratch_y)

.bss            0x20000540      0xe04
                0x20000540                . = ALIGN (0x4)
                0x20000540                __bss_start__ = .
 *(SORT_BY_ALIGNMENT(SORT_BY_NAME(.bss*)))
 .bss.default_alarm_pool_entries
                0x20000540      0x100 CMakeFiles/main.dir/C_/RPPicoSDK/sdk/pico-sdk/src/common/pico_time/time.c.obj
 .bss.last_avail_time.1
                0x20000640        0x8 CMakeFiles/main.dir/C_/RPPicoSDK/sdk/pico-sdk/src/rp2_common/pico_stdio_usb/stdio_usb.c.obj
 .bss.sd_table  0x20000648      0x100 CMakeFiles/main.dir/C_/RPPicoSDK/sdk/pico-sdk/src/rp2_common/pico_double/double_init_rom.c.obj
                0x20000648                sd_table
 .bss.sf_table  0x20000748      0x100 CMakeFiles/main.dir/C_/RPPicoSDK/sdk/pico-sdk/src/rp2_common/pico_float/float_init_rom.c.obj
                0x20000748                sf_table
 .bss.timer     0x20000848       0x18 CMakeFiles/main.dir/timer.c.obj
                0x20000848                timer
 .bss           0x20000860       0x1c c:/rppicosdk/armcc/10 2021.10/bin/../lib/gcc/arm-none-eabi/10.3.1/thumb/v6-m/nofp/crtbegin.o
 .bss._app_driver
                0x2000087c        0x4 CMakeFiles/main.dir/C_/RPPicoSDK/sdk/pico-sdk/lib/tinyusb/src/device/usbd.c.obj
 .bss._callback
                0x20000880        0x4 CMakeFiles/main.dir/C_/RPPicoSDK/sdk/pico-sdk/src/rp2_common/hardware_rtc/rtc.c.obj
 .bss._callbacks
                0x20000884        0x8 CMakeFiles/main.dir/C_/RPPicoSDK/sdk/pico-sdk/src/rp2_common/hardware_gpio/gpio.c.obj
 .bss._cdcd_itf
                0x2000088c      0x2d8 CMakeFiles/main.dir/C_/RPPicoSDK/sdk/pico-sdk/lib/tinyusb/src/class/cdc/cdc_device.c.obj
 .bss._ctrl_xfer
                0x20000b64       0x14 CMakeFiles/main.dir/C_/RPPicoSDK/sdk/pico-sdk/lib/tinyusb/src/device/usbd_control.c.obj
 .bss._events   0x20000b78        0x1 CMakeFiles/main.dir/events.c.obj
                0x20000b78                _events
 *fill*         0x20000b79        0x3 
 .bss._lcd      0x20000b7c        0x1 CMakeFiles/main.dir/lcd.c.obj
                0x20000b7c                _lcd
 *fill*         0x20000b7d        0x3 
 .bss._lcdFlags
                0x20000b80        0x1 CMakeFiles/main.dir/lcd.c.obj
                0x20000b80                _lcdFlags
 *fill*         0x20000b81        0x3 
 .bss._ubsd_mutexdef
                0x20000b84        0x8 CMakeFiles/main.dir/C_/RPPicoSDK/sdk/pico-sdk/lib/tinyusb/src/device/usbd.c.obj
 .bss._usbd_ctrl_buf
                0x20000b8c       0x40 CMakeFiles/main.dir/C_/RPPicoSDK/sdk/pico-sdk/lib/tinyusb/src/device/usbd_control.c.obj
 .bss._usbd_dev
                0x20000bcc       0x53 CMakeFiles/main.dir/C_/RPPicoSDK/sdk/pico-sdk/lib/tinyusb/src/device/usbd.c.obj
 *fill*         0x20000c1f        0x1 
 .bss._usbd_mutex
                0x20000c20        0x4 CMakeFiles/main.dir/C_/RPPicoSDK/sdk/pico-sdk/lib/tinyusb/src/device/usbd.c.obj
 .bss._usbd_q   0x20000c24        0x4 CMakeFiles/main.dir/C_/RPPicoSDK/sdk/pico-sdk/lib/tinyusb/src/device/usbd.c.obj
 .bss._usbd_qdef_buf
                0x20000c28       0xc0 CMakeFiles/main.dir/C_/RPPicoSDK/sdk/pico-sdk/lib/tinyusb/src/device/usbd.c.obj
                0x20000c28                _usbd_qdef_buf
 .bss.alarm_callbacks
                0x20000ce8       0x10 CMakeFiles/main.dir/C_/RPPicoSDK/sdk/pico-sdk/src/rp2_common/hardware_timer/timer.c.obj
 .bss.boot2_copyout
                0x20000cf8      0x100 CMakeFiles/main.dir/C_/RPPicoSDK/sdk/pico-sdk/src/rp2_common/hardware_flash/flash.c.obj
 .bss.claimed   0x20000df8        0x4 CMakeFiles/main.dir/C_/RPPicoSDK/sdk/pico-sdk/src/rp2_common/hardware_sync/sync.c.obj
 .bss.col_key   0x20000dfc        0x4 CMakeFiles/main.dir/keyboard.c.obj
                0x20000dfc                col_key
 .bss.configured_freq
                0x20000e00       0x28 CMakeFiles/main.dir/C_/RPPicoSDK/sdk/pico-sdk/src/rp2_common/hardware_clocks/clocks.c.obj
 .bss.contInt   0x20000e28        0x4 CMakeFiles/main.dir/main.c.obj
                0x20000e28                contInt
 .bss.contSwDt  0x20000e2c        0x4 CMakeFiles/main.dir/main.c.obj
                0x20000e2c                contSwDt
 .bss.day       0x20000e30        0x4 CMakeFiles/main.dir/main.c.obj
                0x20000e30                day
 .bss.default_alarm_pool_entry_ids_high
                0x20000e34       0x10 CMakeFiles/main.dir/C_/RPPicoSDK/sdk/pico-sdk/src/common/pico_time/time.c.obj
 .bss.default_alarm_pool_heap_nodes
                0x20000e44       0x30 CMakeFiles/main.dir/C_/RPPicoSDK/sdk/pico-sdk/src/common/pico_time/time.c.obj
 .bss.desc_str.0
                0x20000e74       0x28 CMakeFiles/main.dir/C_/RPPicoSDK/sdk/pico-sdk/src/rp2_common/pico_stdio_usb/stdio_usb_descriptors.c.obj
 .bss.dotw      0x20000e9c        0x4 CMakeFiles/main.dir/main.c.obj
                0x20000e9c                dotw
 .bss.drivers   0x20000ea0        0x4 CMakeFiles/main.dir/C_/RPPicoSDK/sdk/pico-sdk/src/rp2_common/pico_stdio/stdio.c.obj
 .bss.estado_col
                0x20000ea4        0x4 CMakeFiles/main.dir/keyboard.c.obj
                0x20000ea4                estado_col
 .bss.estado_fil
                0x20000ea8        0x4 CMakeFiles/main.dir/keyboard.c.obj
                0x20000ea8                estado_fil
 .bss.fil_key   0x20000eac        0x4 CMakeFiles/main.dir/keyboard.c.obj
                0x20000eac                fil_key
 .bss.filter    0x20000eb0        0x4 CMakeFiles/main.dir/C_/RPPicoSDK/sdk/pico-sdk/src/rp2_common/pico_stdio/stdio.c.obj
 .bss.hour      0x20000eb4        0x4 CMakeFiles/main.dir/main.c.obj
                0x20000eb4                hour
 .bss.hw_endpoints
                0x20000eb8      0x400 CMakeFiles/main.dir/C_/RPPicoSDK/sdk/pico-sdk/lib/tinyusb/src/portable/raspberrypi/rp2040/dcd_rp2040.c.obj
 .bss.lazy_vsnprintf
                0x200012b8        0x4 CMakeFiles/main.dir/C_/RPPicoSDK/sdk/pico-sdk/src/rp2_common/pico_printf/printf.c.obj
 .bss.load_value
                0x200012bc        0x4 CMakeFiles/main.dir/C_/RPPicoSDK/sdk/pico-sdk/src/rp2_common/hardware_watchdog/watchdog.c.obj
 .bss.min       0x200012c0        0x4 CMakeFiles/main.dir/main.c.obj
                0x200012c0                min
 .bss.month     0x200012c4        0x4 CMakeFiles/main.dir/main.c.obj
                0x200012c4                month
 .bss.next_buffer_ptr
                0x200012c8        0x4 CMakeFiles/main.dir/C_/RPPicoSDK/sdk/pico-sdk/lib/tinyusb/src/portable/raspberrypi/rp2040/dcd_rp2040.c.obj
 .bss.num_shift
                0x200012cc        0x4 CMakeFiles/main.dir/main.c.obj
                0x200012cc                num_shift
 .bss.pools     0x200012d0       0x10 CMakeFiles/main.dir/C_/RPPicoSDK/sdk/pico-sdk/src/common/pico_time/time.c.obj
 .bss.retrieved_id
                0x200012e0        0x8 CMakeFiles/main.dir/C_/RPPicoSDK/sdk/pico-sdk/src/rp2_common/pico_unique_id/unique_id.c.obj
 .bss.sec       0x200012e8        0x4 CMakeFiles/main.dir/main.c.obj
                0x200012e8                sec
 .bss.sf_clz_func
                0x200012ec        0x4 CMakeFiles/main.dir/C_/RPPicoSDK/sdk/pico-sdk/src/rp2_common/pico_double/double_init_rom.c.obj
                0x200012ec                sf_clz_func
 .bss.sleep_notifier
                0x200012f0        0x4 CMakeFiles/main.dir/C_/RPPicoSDK/sdk/pico-sdk/src/common/pico_time/time.c.obj
 .bss.stdio_usb_mutex
                0x200012f4        0x8 CMakeFiles/main.dir/C_/RPPicoSDK/sdk/pico-sdk/src/rp2_common/pico_stdio_usb/stdio_usb.c.obj
 .bss.target_hi
                0x200012fc       0x10 CMakeFiles/main.dir/C_/RPPicoSDK/sdk/pico-sdk/src/rp2_common/hardware_timer/timer.c.obj
 .bss.usbd_serial_str
                0x2000130c       0x11 CMakeFiles/main.dir/C_/RPPicoSDK/sdk/pico-sdk/src/rp2_common/pico_stdio_usb/stdio_usb_descriptors.c.obj
 *fill*         0x2000131d        0x3 
 .bss.valor     0x20001320        0x4 CMakeFiles/main.dir/main.c.obj
                0x20001320                valor
 .bss.year      0x20001324        0x4 CMakeFiles/main.dir/main.c.obj
                0x20001324                year
 .bss.led_debounce
                0x20001328        0x2 CMakeFiles/main.dir/events.c.obj
                0x20001328                led_debounce
 .bss._alarm_repeats
                0x2000132a        0x1 CMakeFiles/main.dir/C_/RPPicoSDK/sdk/pico-sdk/src/rp2_common/hardware_rtc/rtc.c.obj
 .bss._app_driver_count
                0x2000132b        0x1 CMakeFiles/main.dir/C_/RPPicoSDK/sdk/pico-sdk/lib/tinyusb/src/device/usbd.c.obj
 .bss._usbd_initialized
                0x2000132c        0x1 CMakeFiles/main.dir/C_/RPPicoSDK/sdk/pico-sdk/lib/tinyusb/src/device/usbd.c.obj
 .bss.boot2_copyout_valid
                0x2000132d        0x1 CMakeFiles/main.dir/C_/RPPicoSDK/sdk/pico-sdk/src/rp2_common/hardware_flash/flash.c.obj
 .bss.claimed   0x2000132e        0x1 CMakeFiles/main.dir/C_/RPPicoSDK/sdk/pico-sdk/src/rp2_common/hardware_timer/timer.c.obj
 .bss.deadline_shift
                0x2000132f        0x1 CMakeFiles/main.dir/events.c.obj
                0x2000132f                deadline_shift
 .bss.eDay      0x20001330        0x1 CMakeFiles/main.dir/main.c.obj
                0x20001330                eDay
 .bss.eDotw     0x20001331        0x1 CMakeFiles/main.dir/main.c.obj
                0x20001331                eDotw
 .bss.eHour     0x20001332        0x1 CMakeFiles/main.dir/main.c.obj
                0x20001332                eHour
 .bss.eMin      0x20001333        0x1 CMakeFiles/main.dir/main.c.obj
                0x20001333                eMin
 .bss.eMonth    0x20001334        0x1 CMakeFiles/main.dir/main.c.obj
                0x20001334                eMonth
 .bss.eYear     0x20001335        0x1 CMakeFiles/main.dir/main.c.obj
                0x20001335                eYear
 .bss.estado_stm
                0x20001336        0x1 CMakeFiles/main.dir/main.c.obj
                0x20001336                estado_stm
 .bss.flagData  0x20001337        0x1 CMakeFiles/main.dir/main.c.obj
                0x20001337                flagData
 .bss.i         0x20001338        0x1 CMakeFiles/main.dir/main.c.obj
                0x20001338                i
 .bss.irq_hander_chain_free_slot_head
                0x20001339        0x1 CMakeFiles/main.dir/C_/RPPicoSDK/sdk/pico-sdk/src/rp2_common/hardware_irq/irq.c.obj
 .bss.itf_num   0x2000133a        0x1 CMakeFiles/main.dir/C_/RPPicoSDK/sdk/pico-sdk/src/rp2_common/pico_stdio_usb/reset_interface.c.obj
 .bss.j         0x2000133b        0x1 CMakeFiles/main.dir/main.c.obj
                0x2000133b                j
 .bss.key       0x2000133c        0x1 CMakeFiles/main.dir/events.c.obj
                0x2000133c                key
 .bss.key_pressed
                0x2000133d        0x1 CMakeFiles/main.dir/events.c.obj
                0x2000133d                key_pressed
 .bss.lcdDebounce
                0x2000133e        0x1 CMakeFiles/main.dir/lcd.c.obj
                0x2000133e                lcdDebounce
 .bss.led_alarm
                0x2000133f        0x1 CMakeFiles/main.dir/events.c.obj
                0x2000133f                led_alarm
 .bss.timer_callbacks_pending
                0x20001340        0x1 CMakeFiles/main.dir/C_/RPPicoSDK/sdk/pico-sdk/src/rp2_common/hardware_timer/timer.c.obj
 *(COMMON)
                0x20001344                . = ALIGN (0x4)
 *fill*         0x20001341        0x3 
                0x20001344                __bss_end__ = .

.heap           0x20001344      0x800
                0x20001344                __end__ = .
                0x20001344                end = __end__
 *(.heap*)
 .heap          0x20001344      0x800 CMakeFiles/main.dir/C_/RPPicoSDK/sdk/pico-sdk/src/rp2_common/pico_standard_link/crt0.S.obj
                0x20001b44                __HeapLimit = .

.stack1_dummy   0x20040000        0x0
 *(.stack1*)

.stack_dummy    0x20041000      0x800
 *(.stack*)
 .stack         0x20041000      0x800 CMakeFiles/main.dir/C_/RPPicoSDK/sdk/pico-sdk/src/rp2_common/pico_standard_link/crt0.S.obj

.flash_end      0x1000a11c        0x0
                0x1000a11c                __flash_binary_end = .
                0x20040000                __StackLimit = (ORIGIN (RAM) + LENGTH (RAM))
                0x20041000                __StackOneTop = (ORIGIN (SCRATCH_X) + LENGTH (SCRATCH_X))
                0x20042000                __StackTop = (ORIGIN (SCRATCH_Y) + LENGTH (SCRATCH_Y))
                0x20041000                __StackOneBottom = (__StackOneTop - SIZEOF (.stack1_dummy))
                0x20041800                __StackBottom = (__StackTop - SIZEOF (.stack_dummy))
                0x20042000                PROVIDE (__stack = __StackTop)
                0x00000001                ASSERT ((__StackLimit >= __HeapLimit), region RAM overflowed)
                0x00000001                ASSERT (((__binary_info_header_end - __logical_binary_start) <= 0x100), Binary info must be in first 256 bytes of the binary)
LOAD CMakeFiles/main.dir/main.c.obj
LOAD CMakeFiles/main.dir/events.c.obj
LOAD CMakeFiles/main.dir/timer.c.obj
LOAD CMakeFiles/main.dir/gpio.c.obj
LOAD CMakeFiles/main.dir/keyboard.c.obj
LOAD CMakeFiles/main.dir/rtc.c.obj
LOAD CMakeFiles/main.dir/lcd.c.obj
LOAD CMakeFiles/main.dir/C_/RPPicoSDK/sdk/pico-sdk/src/rp2_common/pico_stdlib/stdlib.c.obj
LOAD CMakeFiles/main.dir/C_/RPPicoSDK/sdk/pico-sdk/src/rp2_common/hardware_gpio/gpio.c.obj
LOAD CMakeFiles/main.dir/C_/RPPicoSDK/sdk/pico-sdk/src/rp2_common/hardware_claim/claim.c.obj
LOAD CMakeFiles/main.dir/C_/RPPicoSDK/sdk/pico-sdk/src/rp2_common/pico_platform/platform.c.obj
LOAD CMakeFiles/main.dir/C_/RPPicoSDK/sdk/pico-sdk/src/rp2_common/hardware_sync/sync.c.obj
LOAD CMakeFiles/main.dir/C_/RPPicoSDK/sdk/pico-sdk/src/rp2_common/hardware_uart/uart.c.obj
LOAD CMakeFiles/main.dir/C_/RPPicoSDK/sdk/pico-sdk/src/rp2_common/hardware_divider/divider.S.obj
LOAD CMakeFiles/main.dir/C_/RPPicoSDK/sdk/pico-sdk/src/common/pico_time/time.c.obj
LOAD CMakeFiles/main.dir/C_/RPPicoSDK/sdk/pico-sdk/src/common/pico_time/timeout_helper.c.obj
LOAD CMakeFiles/main.dir/C_/RPPicoSDK/sdk/pico-sdk/src/rp2_common/hardware_timer/timer.c.obj
LOAD CMakeFiles/main.dir/C_/RPPicoSDK/sdk/pico-sdk/src/common/pico_sync/sem.c.obj
LOAD CMakeFiles/main.dir/C_/RPPicoSDK/sdk/pico-sdk/src/common/pico_sync/lock_core.c.obj
LOAD CMakeFiles/main.dir/C_/RPPicoSDK/sdk/pico-sdk/src/common/pico_sync/mutex.c.obj
LOAD CMakeFiles/main.dir/C_/RPPicoSDK/sdk/pico-sdk/src/common/pico_sync/critical_section.c.obj
LOAD CMakeFiles/main.dir/C_/RPPicoSDK/sdk/pico-sdk/src/common/pico_util/datetime.c.obj
LOAD CMakeFiles/main.dir/C_/RPPicoSDK/sdk/pico-sdk/src/common/pico_util/pheap.c.obj
LOAD CMakeFiles/main.dir/C_/RPPicoSDK/sdk/pico-sdk/src/common/pico_util/queue.c.obj
LOAD CMakeFiles/main.dir/C_/RPPicoSDK/sdk/pico-sdk/src/rp2_common/pico_runtime/runtime.c.obj
LOAD CMakeFiles/main.dir/C_/RPPicoSDK/sdk/pico-sdk/src/rp2_common/hardware_clocks/clocks.c.obj
LOAD CMakeFiles/main.dir/C_/RPPicoSDK/sdk/pico-sdk/src/rp2_common/hardware_irq/irq.c.obj
LOAD CMakeFiles/main.dir/C_/RPPicoSDK/sdk/pico-sdk/src/rp2_common/hardware_irq/irq_handler_chain.S.obj
LOAD CMakeFiles/main.dir/C_/RPPicoSDK/sdk/pico-sdk/src/rp2_common/hardware_pll/pll.c.obj
LOAD CMakeFiles/main.dir/C_/RPPicoSDK/sdk/pico-sdk/src/rp2_common/hardware_vreg/vreg.c.obj
LOAD CMakeFiles/main.dir/C_/RPPicoSDK/sdk/pico-sdk/src/rp2_common/hardware_watchdog/watchdog.c.obj
LOAD CMakeFiles/main.dir/C_/RPPicoSDK/sdk/pico-sdk/src/rp2_common/hardware_xosc/xosc.c.obj
LOAD CMakeFiles/main.dir/C_/RPPicoSDK/sdk/pico-sdk/src/rp2_common/pico_printf/printf.c.obj
LOAD CMakeFiles/main.dir/C_/RPPicoSDK/sdk/pico-sdk/src/rp2_common/pico_bit_ops/bit_ops_aeabi.S.obj
LOAD CMakeFiles/main.dir/C_/RPPicoSDK/sdk/pico-sdk/src/rp2_common/pico_bootrom/bootrom.c.obj
LOAD CMakeFiles/main.dir/C_/RPPicoSDK/sdk/pico-sdk/src/rp2_common/pico_divider/divider.S.obj
LOAD CMakeFiles/main.dir/C_/RPPicoSDK/sdk/pico-sdk/src/rp2_common/pico_double/double_aeabi.S.obj
LOAD CMakeFiles/main.dir/C_/RPPicoSDK/sdk/pico-sdk/src/rp2_common/pico_double/double_init_rom.c.obj
LOAD CMakeFiles/main.dir/C_/RPPicoSDK/sdk/pico-sdk/src/rp2_common/pico_double/double_math.c.obj
LOAD CMakeFiles/main.dir/C_/RPPicoSDK/sdk/pico-sdk/src/rp2_common/pico_double/double_v1_rom_shim.S.obj
LOAD CMakeFiles/main.dir/C_/RPPicoSDK/sdk/pico-sdk/src/rp2_common/pico_int64_ops/pico_int64_ops_aeabi.S.obj
LOAD CMakeFiles/main.dir/C_/RPPicoSDK/sdk/pico-sdk/src/rp2_common/pico_float/float_aeabi.S.obj
LOAD CMakeFiles/main.dir/C_/RPPicoSDK/sdk/pico-sdk/src/rp2_common/pico_float/float_init_rom.c.obj
LOAD CMakeFiles/main.dir/C_/RPPicoSDK/sdk/pico-sdk/src/rp2_common/pico_float/float_math.c.obj
LOAD CMakeFiles/main.dir/C_/RPPicoSDK/sdk/pico-sdk/src/rp2_common/pico_float/float_v1_rom_shim.S.obj
LOAD CMakeFiles/main.dir/C_/RPPicoSDK/sdk/pico-sdk/src/rp2_common/pico_malloc/pico_malloc.c.obj
LOAD CMakeFiles/main.dir/C_/RPPicoSDK/sdk/pico-sdk/src/rp2_common/pico_mem_ops/mem_ops_aeabi.S.obj
LOAD CMakeFiles/main.dir/C_/RPPicoSDK/sdk/pico-sdk/src/rp2_common/pico_standard_link/crt0.S.obj
LOAD CMakeFiles/main.dir/C_/RPPicoSDK/sdk/pico-sdk/src/rp2_common/pico_standard_link/new_delete.cpp.obj
LOAD CMakeFiles/main.dir/C_/RPPicoSDK/sdk/pico-sdk/src/rp2_common/pico_standard_link/binary_info.c.obj
LOAD CMakeFiles/main.dir/C_/RPPicoSDK/sdk/pico-sdk/src/rp2_common/pico_stdio/stdio.c.obj
LOAD CMakeFiles/main.dir/C_/RPPicoSDK/sdk/pico-sdk/src/rp2_common/pico_stdio_usb/reset_interface.c.obj
LOAD CMakeFiles/main.dir/C_/RPPicoSDK/sdk/pico-sdk/src/rp2_common/pico_stdio_usb/stdio_usb.c.obj
LOAD CMakeFiles/main.dir/C_/RPPicoSDK/sdk/pico-sdk/src/rp2_common/pico_stdio_usb/stdio_usb_descriptors.c.obj
LOAD CMakeFiles/main.dir/C_/RPPicoSDK/sdk/pico-sdk/lib/tinyusb/src/portable/raspberrypi/rp2040/dcd_rp2040.c.obj
LOAD CMakeFiles/main.dir/C_/RPPicoSDK/sdk/pico-sdk/lib/tinyusb/src/portable/raspberrypi/rp2040/rp2040_usb.c.obj
LOAD CMakeFiles/main.dir/C_/RPPicoSDK/sdk/pico-sdk/lib/tinyusb/src/device/usbd.c.obj
LOAD CMakeFiles/main.dir/C_/RPPicoSDK/sdk/pico-sdk/lib/tinyusb/src/device/usbd_control.c.obj
LOAD CMakeFiles/main.dir/C_/RPPicoSDK/sdk/pico-sdk/lib/tinyusb/src/class/audio/audio_device.c.obj
LOAD CMakeFiles/main.dir/C_/RPPicoSDK/sdk/pico-sdk/lib/tinyusb/src/class/cdc/cdc_device.c.obj
LOAD CMakeFiles/main.dir/C_/RPPicoSDK/sdk/pico-sdk/lib/tinyusb/src/class/dfu/dfu_device.c.obj
LOAD CMakeFiles/main.dir/C_/RPPicoSDK/sdk/pico-sdk/lib/tinyusb/src/class/dfu/dfu_rt_device.c.obj
LOAD CMakeFiles/main.dir/C_/RPPicoSDK/sdk/pico-sdk/lib/tinyusb/src/class/hid/hid_device.c.obj
LOAD CMakeFiles/main.dir/C_/RPPicoSDK/sdk/pico-sdk/lib/tinyusb/src/class/midi/midi_device.c.obj
LOAD CMakeFiles/main.dir/C_/RPPicoSDK/sdk/pico-sdk/lib/tinyusb/src/class/msc/msc_device.c.obj
LOAD CMakeFiles/main.dir/C_/RPPicoSDK/sdk/pico-sdk/lib/tinyusb/src/class/net/ecm_rndis_device.c.obj
LOAD CMakeFiles/main.dir/C_/RPPicoSDK/sdk/pico-sdk/lib/tinyusb/src/class/net/ncm_device.c.obj
LOAD CMakeFiles/main.dir/C_/RPPicoSDK/sdk/pico-sdk/lib/tinyusb/src/class/usbtmc/usbtmc_device.c.obj
LOAD CMakeFiles/main.dir/C_/RPPicoSDK/sdk/pico-sdk/lib/tinyusb/src/class/vendor/vendor_device.c.obj
LOAD CMakeFiles/main.dir/C_/RPPicoSDK/sdk/pico-sdk/lib/tinyusb/src/class/video/video_device.c.obj
LOAD CMakeFiles/main.dir/C_/RPPicoSDK/sdk/pico-sdk/lib/tinyusb/src/tusb.c.obj
LOAD CMakeFiles/main.dir/C_/RPPicoSDK/sdk/pico-sdk/lib/tinyusb/src/common/tusb_fifo.c.obj
LOAD CMakeFiles/main.dir/C_/RPPicoSDK/sdk/pico-sdk/src/rp2_common/pico_fix/rp2040_usb_device_enumeration/rp2040_usb_device_enumeration.c.obj
LOAD CMakeFiles/main.dir/C_/RPPicoSDK/sdk/pico-sdk/src/rp2_common/pico_unique_id/unique_id.c.obj
LOAD CMakeFiles/main.dir/C_/RPPicoSDK/sdk/pico-sdk/src/rp2_common/hardware_flash/flash.c.obj
LOAD CMakeFiles/main.dir/C_/RPPicoSDK/sdk/pico-sdk/src/rp2_common/hardware_rtc/rtc.c.obj
LOAD C:\Users\ADMINI~1\AppData\Local\Temp\ccoeTLNQ.o
LOAD c:/rppicosdk/armcc/10 2021.10/bin/../lib/gcc/arm-none-eabi/10.3.1/../../../../arm-none-eabi/lib/thumb/v6-m/nofp\libstdc++.a
LOAD c:/rppicosdk/armcc/10 2021.10/bin/../lib/gcc/arm-none-eabi/10.3.1/../../../../arm-none-eabi/lib/thumb/v6-m/nofp\libm.a
START GROUP
LOAD c:/rppicosdk/armcc/10 2021.10/bin/../lib/gcc/arm-none-eabi/10.3.1/thumb/v6-m/nofp\libgcc.a
LOAD c:/rppicosdk/armcc/10 2021.10/bin/../lib/gcc/arm-none-eabi/10.3.1/../../../../arm-none-eabi/lib/thumb/v6-m/nofp\libc.a
END GROUP
START GROUP
LOAD c:/rppicosdk/armcc/10 2021.10/bin/../lib/gcc/arm-none-eabi/10.3.1/thumb/v6-m/nofp\libgcc.a
LOAD c:/rppicosdk/armcc/10 2021.10/bin/../lib/gcc/arm-none-eabi/10.3.1/../../../../arm-none-eabi/lib/thumb/v6-m/nofp\libc.a
LOAD c:/rppicosdk/armcc/10 2021.10/bin/../lib/gcc/arm-none-eabi/10.3.1/../../../../arm-none-eabi/lib/thumb/v6-m/nofp\libnosys.a
END GROUP
LOAD c:/rppicosdk/armcc/10 2021.10/bin/../lib/gcc/arm-none-eabi/10.3.1/thumb/v6-m/nofp/crtend.o
LOAD c:/rppicosdk/armcc/10 2021.10/bin/../lib/gcc/arm-none-eabi/10.3.1/thumb/v6-m/nofp/crtn.o
OUTPUT(main.elf elf32-littlearm)
LOAD linker stubs

.ARM.attributes
                0x00000000       0x28
 .ARM.attributes
                0x00000000       0x1e c:/rppicosdk/armcc/10 2021.10/bin/../lib/gcc/arm-none-eabi/10.3.1/thumb/v6-m/nofp/crti.o
 .ARM.attributes
                0x0000001e       0x2c c:/rppicosdk/armcc/10 2021.10/bin/../lib/gcc/arm-none-eabi/10.3.1/thumb/v6-m/nofp/crtbegin.o
 .ARM.attributes
                0x0000004a       0x2c CMakeFiles/main.dir/main.c.obj
 .ARM.attributes
                0x00000076       0x2c CMakeFiles/main.dir/events.c.obj
 .ARM.attributes
                0x000000a2       0x2c CMakeFiles/main.dir/timer.c.obj
 .ARM.attributes
                0x000000ce       0x2c CMakeFiles/main.dir/gpio.c.obj
 .ARM.attributes
                0x000000fa       0x2c CMakeFiles/main.dir/keyboard.c.obj
 .ARM.attributes
                0x00000126       0x2c CMakeFiles/main.dir/rtc.c.obj
 .ARM.attributes
                0x00000152       0x2c CMakeFiles/main.dir/lcd.c.obj
 .ARM.attributes
                0x0000017e       0x2c CMakeFiles/main.dir/C_/RPPicoSDK/sdk/pico-sdk/src/rp2_common/hardware_gpio/gpio.c.obj
 .ARM.attributes
                0x000001aa       0x2c CMakeFiles/main.dir/C_/RPPicoSDK/sdk/pico-sdk/src/rp2_common/hardware_claim/claim.c.obj
 .ARM.attributes
                0x000001d6       0x2c CMakeFiles/main.dir/C_/RPPicoSDK/sdk/pico-sdk/src/rp2_common/pico_platform/platform.c.obj
 .ARM.attributes
                0x00000202       0x2c CMakeFiles/main.dir/C_/RPPicoSDK/sdk/pico-sdk/src/rp2_common/hardware_sync/sync.c.obj
 .ARM.attributes
                0x0000022e       0x2c CMakeFiles/main.dir/C_/RPPicoSDK/sdk/pico-sdk/src/common/pico_time/time.c.obj
 .ARM.attributes
                0x0000025a       0x2c CMakeFiles/main.dir/C_/RPPicoSDK/sdk/pico-sdk/src/rp2_common/hardware_timer/timer.c.obj
 .ARM.attributes
                0x00000286       0x2c CMakeFiles/main.dir/C_/RPPicoSDK/sdk/pico-sdk/src/common/pico_sync/lock_core.c.obj
 .ARM.attributes
                0x000002b2       0x2c CMakeFiles/main.dir/C_/RPPicoSDK/sdk/pico-sdk/src/common/pico_sync/mutex.c.obj
 .ARM.attributes
                0x000002de       0x2c CMakeFiles/main.dir/C_/RPPicoSDK/sdk/pico-sdk/src/common/pico_sync/critical_section.c.obj
 .ARM.attributes
                0x0000030a       0x2c CMakeFiles/main.dir/C_/RPPicoSDK/sdk/pico-sdk/src/common/pico_util/pheap.c.obj
 .ARM.attributes
                0x00000336       0x2c CMakeFiles/main.dir/C_/RPPicoSDK/sdk/pico-sdk/src/rp2_common/pico_runtime/runtime.c.obj
 .ARM.attributes
                0x00000362       0x2c CMakeFiles/main.dir/C_/RPPicoSDK/sdk/pico-sdk/src/rp2_common/hardware_clocks/clocks.c.obj
 .ARM.attributes
                0x0000038e       0x2c CMakeFiles/main.dir/C_/RPPicoSDK/sdk/pico-sdk/src/rp2_common/hardware_irq/irq.c.obj
 .ARM.attributes
                0x000003ba       0x22 CMakeFiles/main.dir/C_/RPPicoSDK/sdk/pico-sdk/src/rp2_common/hardware_irq/irq_handler_chain.S.obj
 .ARM.attributes
                0x000003dc       0x2c CMakeFiles/main.dir/C_/RPPicoSDK/sdk/pico-sdk/src/rp2_common/hardware_pll/pll.c.obj
 .ARM.attributes
                0x00000408       0x2c CMakeFiles/main.dir/C_/RPPicoSDK/sdk/pico-sdk/src/rp2_common/hardware_watchdog/watchdog.c.obj
 .ARM.attributes
                0x00000434       0x2c CMakeFiles/main.dir/C_/RPPicoSDK/sdk/pico-sdk/src/rp2_common/hardware_xosc/xosc.c.obj
 .ARM.attributes
                0x00000460       0x2c CMakeFiles/main.dir/C_/RPPicoSDK/sdk/pico-sdk/src/rp2_common/pico_printf/printf.c.obj
 .ARM.attributes
                0x0000048c       0x22 CMakeFiles/main.dir/C_/RPPicoSDK/sdk/pico-sdk/src/rp2_common/pico_bit_ops/bit_ops_aeabi.S.obj
 .ARM.attributes
                0x000004ae       0x2c CMakeFiles/main.dir/C_/RPPicoSDK/sdk/pico-sdk/src/rp2_common/pico_bootrom/bootrom.c.obj
 .ARM.attributes
                0x000004da       0x22 CMakeFiles/main.dir/C_/RPPicoSDK/sdk/pico-sdk/src/rp2_common/pico_divider/divider.S.obj
 .ARM.attributes
                0x000004fc       0x22 CMakeFiles/main.dir/C_/RPPicoSDK/sdk/pico-sdk/src/rp2_common/pico_double/double_aeabi.S.obj
 .ARM.attributes
                0x0000051e       0x2c CMakeFiles/main.dir/C_/RPPicoSDK/sdk/pico-sdk/src/rp2_common/pico_double/double_init_rom.c.obj
 .ARM.attributes
                0x0000054a       0x22 CMakeFiles/main.dir/C_/RPPicoSDK/sdk/pico-sdk/src/rp2_common/pico_double/double_v1_rom_shim.S.obj
 .ARM.attributes
                0x0000056c       0x22 CMakeFiles/main.dir/C_/RPPicoSDK/sdk/pico-sdk/src/rp2_common/pico_int64_ops/pico_int64_ops_aeabi.S.obj
 .ARM.attributes
                0x0000058e       0x22 CMakeFiles/main.dir/C_/RPPicoSDK/sdk/pico-sdk/src/rp2_common/pico_float/float_aeabi.S.obj
 .ARM.attributes
                0x000005b0       0x2c CMakeFiles/main.dir/C_/RPPicoSDK/sdk/pico-sdk/src/rp2_common/pico_float/float_init_rom.c.obj
 .ARM.attributes
                0x000005dc       0x22 CMakeFiles/main.dir/C_/RPPicoSDK/sdk/pico-sdk/src/rp2_common/pico_float/float_v1_rom_shim.S.obj
 .ARM.attributes
                0x000005fe       0x22 CMakeFiles/main.dir/C_/RPPicoSDK/sdk/pico-sdk/src/rp2_common/pico_mem_ops/mem_ops_aeabi.S.obj
 .ARM.attributes
                0x00000620       0x22 CMakeFiles/main.dir/C_/RPPicoSDK/sdk/pico-sdk/src/rp2_common/pico_standard_link/crt0.S.obj
 .ARM.attributes
                0x00000642       0x2c CMakeFiles/main.dir/C_/RPPicoSDK/sdk/pico-sdk/src/rp2_common/pico_standard_link/binary_info.c.obj
 .ARM.attributes
                0x0000066e       0x2c CMakeFiles/main.dir/C_/RPPicoSDK/sdk/pico-sdk/src/rp2_common/pico_stdio/stdio.c.obj
 .ARM.attributes
                0x0000069a       0x2c CMakeFiles/main.dir/C_/RPPicoSDK/sdk/pico-sdk/src/rp2_common/pico_stdio_usb/reset_interface.c.obj
 .ARM.attributes